Component: ARM Compiler 5.05 update 2 (build 169) Tool: armlink [4d0f33]

==============================================================================

Section Cross References

    main.o(i.led0_thread_entry) refers to thread.o(i.rt_thread_delay) for rt_thread_delay
    main.o(i.led1_thread_entry) refers to thread.o(i.rt_thread_delay) for rt_thread_delay
    main.o(i.main) refers to led.o(i.LED_Init) for LED_Init
    main.o(i.main) refers to thread.o(i.rt_thread_init) for rt_thread_init
    main.o(i.main) refers to thread.o(i.rt_thread_startup) for rt_thread_startup
    main.o(i.main) refers to main.o(.bss) for rt_led0_thread_stack
    main.o(i.main) refers to main.o(i.led0_thread_entry) for led0_thread_entry
    main.o(i.main) refers to main.o(i.led1_thread_entry) for led1_thread_entry
    system_stm32f10x.o(i.SetSysClock) refers to system_stm32f10x.o(i.SetSysClockTo72) for SetSysClockTo72
    system_stm32f10x.o(i.SystemCoreClockUpdate) refers to system_stm32f10x.o(.data) for SystemCoreClock
    system_stm32f10x.o(i.SystemInit) refers to system_stm32f10x.o(i.SetSysClock) for SetSysClock
    led.o(i.LED_Init) refers to stm32f10x_rcc.o(i.RCC_APB2PeriphClockCmd) for RCC_APB2PeriphClockCmd
    led.o(i.LED_Init) refers to stm32f10x_gpio.o(i.GPIO_Init) for GPIO_Init
    led.o(i.LED_Init) refers to stm32f10x_gpio.o(i.GPIO_SetBits) for GPIO_SetBits
    delay.o(i.delay_init) refers to misc.o(i.SysTick_CLKSourceConfig) for SysTick_CLKSourceConfig
    delay.o(i.delay_init) refers to system_stm32f10x.o(.data) for SystemCoreClock
    delay.o(i.delay_init) refers to delay.o(.data) for fac_us
    delay.o(i.delay_ms) refers to delay.o(.data) for fac_ms
    delay.o(i.delay_us) refers to delay.o(.data) for fac_us
    usart.o(i.USART1_IRQHandler) refers (Special) to use_no_semi_2.o(.text) for __use_no_semihosting
    usart.o(i.USART1_IRQHandler) refers to stm32f10x_usart.o(i.USART_GetITStatus) for USART_GetITStatus
    usart.o(i.USART1_IRQHandler) refers to stm32f10x_usart.o(i.USART_ReceiveData) for USART_ReceiveData
    usart.o(i.USART1_IRQHandler) refers to usart.o(.data) for USART_RX_STA
    usart.o(i.USART1_IRQHandler) refers to usart.o(.bss) for USART_RX_BUF
    usart.o(i._sys_exit) refers (Special) to use_no_semi_2.o(.text) for __use_no_semihosting
    usart.o(i.fputc) refers (Special) to use_no_semi_2.o(.text) for __use_no_semihosting
    usart.o(i.uart_init) refers (Special) to use_no_semi_2.o(.text) for __use_no_semihosting
    usart.o(i.uart_init) refers to stm32f10x_rcc.o(i.RCC_APB2PeriphClockCmd) for RCC_APB2PeriphClockCmd
    usart.o(i.uart_init) refers to stm32f10x_gpio.o(i.GPIO_Init) for GPIO_Init
    usart.o(i.uart_init) refers to misc.o(i.NVIC_Init) for NVIC_Init
    usart.o(i.uart_init) refers to stm32f10x_usart.o(i.USART_Init) for USART_Init
    usart.o(i.uart_init) refers to stm32f10x_usart.o(i.USART_ITConfig) for USART_ITConfig
    usart.o(i.uart_init) refers to stm32f10x_usart.o(i.USART_Cmd) for USART_Cmd
    usart.o(.bss) refers (Special) to use_no_semi_2.o(.text) for __use_no_semihosting
    usart.o(.data) refers (Special) to use_no_semi_2.o(.text) for __use_no_semihosting
    startup_stm32f10x_hd.o(STACK) refers (Special) to heapauxi.o(.text) for __use_two_region_memory
    startup_stm32f10x_hd.o(HEAP) refers (Special) to heapauxi.o(.text) for __use_two_region_memory
    startup_stm32f10x_hd.o(RESET) refers (Special) to heapauxi.o(.text) for __use_two_region_memory
    startup_stm32f10x_hd.o(RESET) refers to startup_stm32f10x_hd.o(STACK) for __initial_sp
    startup_stm32f10x_hd.o(RESET) refers to startup_stm32f10x_hd.o(.text) for Reset_Handler
    startup_stm32f10x_hd.o(RESET) refers to stm32f10x_it.o(i.NMI_Handler) for NMI_Handler
    startup_stm32f10x_hd.o(RESET) refers to context_rvds.o(.text) for HardFault_Handler
    startup_stm32f10x_hd.o(RESET) refers to stm32f10x_it.o(i.MemManage_Handler) for MemManage_Handler
    startup_stm32f10x_hd.o(RESET) refers to stm32f10x_it.o(i.BusFault_Handler) for BusFault_Handler
    startup_stm32f10x_hd.o(RESET) refers to stm32f10x_it.o(i.UsageFault_Handler) for UsageFault_Handler
    startup_stm32f10x_hd.o(RESET) refers to stm32f10x_it.o(i.SVC_Handler) for SVC_Handler
    startup_stm32f10x_hd.o(RESET) refers to stm32f10x_it.o(i.DebugMon_Handler) for DebugMon_Handler
    startup_stm32f10x_hd.o(RESET) refers to board.o(i.SysTick_Handler) for SysTick_Handler
    startup_stm32f10x_hd.o(RESET) refers to usart.o(i.USART1_IRQHandler) for USART1_IRQHandler
    startup_stm32f10x_hd.o(.text) refers (Special) to heapauxi.o(.text) for __use_two_region_memory
    startup_stm32f10x_hd.o(.text) refers to system_stm32f10x.o(i.SystemInit) for SystemInit
    startup_stm32f10x_hd.o(.text) refers to __main.o(!!!main) for __main
    startup_stm32f10x_hd.o(.text) refers to startup_stm32f10x_hd.o(HEAP) for Heap_Mem
    startup_stm32f10x_hd.o(.text) refers to startup_stm32f10x_hd.o(STACK) for Stack_Mem
[...]
    libinit.o(.ARM.Collect$$libinit$$00000000) refers (Special) to libinit2.o(.ARM.Collect$$libinit$$00000019) for __rt_lib_init_lc_time_1
    libinit.o(.ARM.Collect$$libinit$$00000000) refers (Special) to libinit2.o(.ARM.Collect$$libinit$$00000004) for __rt_lib_init_preinit_1
    libinit.o(.ARM.Collect$$libinit$$00000000) refers (Special) to libinit2.o(.ARM.Collect$$libinit$$0000000E) for __rt_lib_init_rand_1
    libinit.o(.ARM.Collect$$libinit$$00000000) refers (Special) to libinit2.o(.ARM.Collect$$libinit$$00000033) for __rt_lib_init_return
    libinit.o(.ARM.Collect$$libinit$$00000000) refers (Special) to libinit2.o(.ARM.Collect$$libinit$$0000001D) for __rt_lib_init_signal_1
    libinit.o(.ARM.Collect$$libinit$$00000000) refers (Special) to libinit2.o(.ARM.Collect$$libinit$$00000025) for __rt_lib_init_stdio_1
    libinit.o(.ARM.Collect$$libinit$$00000000) refers (Special) to libinit2.o(.ARM.Collect$$libinit$$0000000C) for __rt_lib_init_user_alloc_1
    libspace.o(.text) refers to libspace.o(.bss) for __libspace_start
    rtexit.o(.ARM.Collect$$rtexit$$00000000) refers (Special) to rtexit2.o(.ARM.Collect$$rtexit$$00000004) for __rt_exit_exit
    rtexit.o(.ARM.Collect$$rtexit$$00000000) refers (Special) to rtexit2.o(.ARM.Collect$$rtexit$$00000003) for __rt_exit_ls
    rtexit.o(.ARM.Collect$$rtexit$$00000000) refers (Special) to rtexit2.o(.ARM.Collect$$rtexit$$00000002) for __rt_exit_prels_1
    rtexit.o(.ARM.exidx) refers (Special) to rtexit2.o(.ARM.Collect$$rtexit$$00000004) for __rt_exit_exit
    rtexit.o(.ARM.exidx) refers (Special) to rtexit2.o(.ARM.Collect$$rtexit$$00000003) for __rt_exit_ls
    rtexit.o(.ARM.exidx) refers (Special) to rtexit2.o(.ARM.Collect$$rtexit$$00000002) for __rt_exit_prels_1
    rtexit.o(.ARM.exidx) refers to rtexit.o(.ARM.Collect$$rtexit$$00000000) for .ARM.Collect$$rtexit$$00000000
    libinit2.o(.ARM.Collect$$libinit$$00000010) refers to libinit2.o(.ARM.Collect$$libinit$$0000000F) for .ARM.Collect$$libinit$$0000000F
    libinit2.o(.ARM.Collect$$libinit$$00000012) refers to libinit2.o(.ARM.Collect$$libinit$$0000000F) for .ARM.Collect$$libinit$$0000000F
    libinit2.o(.ARM.Collect$$libinit$$00000014) refers to libinit2.o(.ARM.Collect$$libinit$$0000000F) for .ARM.Collect$$libinit$$0000000F
    libinit2.o(.ARM.Collect$$libinit$$00000016) refers to libinit2.o(.ARM.Collect$$libinit$$0000000F) for .ARM.Collect$$libinit$$0000000F
    libinit2.o(.ARM.Collect$$libinit$$00000018) refers to libinit2.o(.ARM.Collect$$libinit$$0000000F) for .ARM.Collect$$libinit$$0000000F
    libinit2.o(.ARM.Collect$$libinit$$00000026) refers to argv_veneer.o(.emb_text) for __ARM_argv_veneer
    libinit2.o(.ARM.Collect$$libinit$$00000027) refers to argv_veneer.o(.emb_text) for __ARM_argv_veneer
    rtexit2.o(.ARM.Collect$$rtexit$$00000003) refers to libshutdown.o(.ARM.Collect$$libshutdown$$00000000) for __rt_lib_shutdown
    rtexit2.o(.ARM.Collect$$rtexit$$00000004) refers to usart.o(i._sys_exit) for _sys_exit
    rtexit2.o(.ARM.exidx) refers to rtexit2.o(.ARM.Collect$$rtexit$$00000001) for .ARM.Collect$$rtexit$$00000001
    rtexit2.o(.ARM.exidx) refers to rtexit2.o(.ARM.Collect$$rtexit$$00000003) for .ARM.Collect$$rtexit$$00000003
    rtexit2.o(.ARM.exidx) refers to rtexit2.o(.ARM.Collect$$rtexit$$00000004) for .ARM.Collect$$rtexit$$00000004
    argv_veneer.o(.emb_text) refers to no_argv.o(.text) for __ARM_get_argv
    _get_argv_nomalloc.o(.text) refers (Special) to hrguard.o(.text) for __heap_region$guard
    _get_argv_nomalloc.o(.text) refers to defsig_rtmem_outer.o(.text) for __rt_SIGRTMEM
    _get_argv_nomalloc.o(.text) refers to sys_command.o(.text) for _sys_command_string
    libshutdown.o(.ARM.Collect$$libshutdown$$00000000) refers (Special) to libshutdown2.o(.ARM.Collect$$libshutdown$$00000006) for __rt_lib_shutdown_fp_trap_1
    libshutdown.o(.ARM.Collect$$libshutdown$$00000000) refers (Special) to libshutdown2.o(.ARM.Collect$$libshutdown$$0000000E) for __rt_lib_shutdown_heap_1
    libshutdown.o(.ARM.Collect$$libshutdown$$00000000) refers (Special) to libshutdown2.o(.ARM.Collect$$libshutdown$$0000000F) for __rt_lib_shutdown_return
    libshutdown.o(.ARM.Collect$$libshutdown$$00000000) refers (Special) to libshutdown2.o(.ARM.Collect$$libshutdown$$00000009) for __rt_lib_shutdown_signal_1
    libshutdown.o(.ARM.Collect$$libshutdown$$00000000) refers (Special) to libshutdown2.o(.ARM.Collect$$libshutdown$$00000003) for __rt_lib_shutdown_stdio_1
    libshutdown.o(.ARM.Collect$$libshutdown$$00000000) refers (Special) to libshutdown2.o(.ARM.Collect$$libshutdown$$0000000B) for __rt_lib_shutdown_user_alloc_1
    sys_command.o(.text) refers (Special) to use_no_semi.o(.text) for __I$use$semihosting
    sys_command.o(.text) refers (Special) to indicate_semi.o(.text) for __semihosting_library_function
    defsig_rtmem_outer.o(.text) refers to defsig_rtmem_inner.o(.text) for __rt_SIGRTMEM_inner
    defsig_rtmem_outer.o(.text) refers to defsig_exit.o(.text) for __sig_exit
    defsig_rtmem_formal.o(.text) refers to rt_raise.o(.text) for __rt_raise
    rt_raise.o(.text) refers to __raise.o(.text) for __raise
    rt_raise.o(.text) refers to usart.o(i._sys_exit) for _sys_exit
    defsig_exit.o(.text) refers to usart.o(i._sys_exit) for _sys_exit
    defsig_rtmem_inner.o(.text) refers to defsig_general.o(.text) for __default_signal_display
    __raise.o(.text) refers to defsig.o(CL$$defsig) for __default_signal_handler
    defsig_general.o(.text) refers to sys_wrch.o(.text) for _ttywrch
    sys_wrch.o(.text) refers (Special) to use_no_semi.o(.text) for __I$use$semihosting
    sys_wrch.o(.text) refers (Special) to indicate_semi.o(.text) for __semihosting_library_function
    defsig.o(CL$$defsig) refers to defsig_rtmem_inner.o(.text) for __rt_SIGRTMEM_inner
    defsig_abrt_inner.o(.text) refers to defsig_general.o(.text) for __default_signal_display
    defsig_fpe_inner.o(.text) refers to defsig_general.o(.text) for __default_signal_display
    defsig_rtred_inner.o(.text) refers to defsig_general.o(.text) for __default_signal_display
    defsig_stak_inner.o(.text) refers to defsig_general.o(.text) for __default_signal_display
    defsig_pvfn_inner.o(.text) refers to defsig_general.o(.text) for __default_signal_display
    defsig_cppl_inner.o(.text) refers to defsig_general.o(.text) for __default_signal_display
    defsig_segv_inner.o(.text) refers to defsig_general.o(.text) for __default_signal_display
    defsig_other.o(.text) refers to defsig_general.o(.text) for __default_signal_display


==============================================================================

Removing Unused input sections from the image.

    Removing delay.o(i.delay_init), (68 bytes).
    Removing delay.o(i.delay_ms), (76 bytes).
    Removing delay.o(i.delay_us), (76 bytes).
    Removing delay.o(.data), (4 bytes).
    Removing sys.o(.emb_text), (6 bytes).
    Removing sys.o(i.INTX_DISABLE), (4 bytes).
    Removing sys.o(i.INTX_ENABLE), (4 bytes).
    Removing sys.o(i.WFI_SET), (4 bytes).
    Removing usart.o(i.fputc), (28 bytes).
    Removing usart.o(i.uart_init), (160 bytes).
    Removing core_cm3.o(.emb_text), (32 bytes).
    Removing misc.o(i.NVIC_Init), (112 bytes).
    Removing misc.o(i.NVIC_PriorityGroupConfig), (20 bytes).
    Removing misc.o(i.NVIC_SetVectorTable), (20 bytes).
    Removing misc.o(i.NVIC_SystemLPConfig), (32 bytes).
    Removing misc.o(i.SysTick_CLKSourceConfig), (40 bytes).
    Removing stm32f10x_gpio.o(i.GPIO_AFIODeInit), (20 bytes).
    Removing stm32f10x_gpio.o(i.GPIO_DeInit), (200 bytes).
    Removing stm32f10x_gpio.o(i.GPIO_ETH_MediaInterfaceConfig), (12 bytes).
    Removing stm32f10x_gpio.o(i.GPIO_EXTILineConfig), (64 bytes).
    Removing stm32f10x_gpio.o(i.GPIO_EventOutputCmd), (12 bytes).
    Removing stm32f10x_gpio.o(i.GPIO_EventOutputConfig), (32 bytes).
    Removing stm32f10x_gpio.o(i.GPIO_PinLockConfig), (18 bytes).
    Removing stm32f10x_gpio.o(i.GPIO_PinRemapConfig), (144 bytes).
    Removing stm32f10x_gpio.o(i.GPIO_ReadInputData), (8 bytes).
    Removing stm32f10x_gpio.o(i.GPIO_ReadInputDataBit), (18 bytes).
    Removing stm32f10x_gpio.o(i.GPIO_ReadOutputData), (8 bytes).
    Removing stm32f10x_gpio.o(i.GPIO_ReadOutputDataBit), (18 bytes).
    Removing stm32f10x_gpio.o(i.GPIO_ResetBits), (4 bytes).
    Removing stm32f10x_gpio.o(i.GPIO_StructInit), (16 bytes).
    Removing stm32f10x_gpio.o(i.GPIO_Write), (4 bytes).
    Removing stm32f10x_gpio.o(i.GPIO_WriteBit), (10 bytes).
    Removing stm32f10x_dbgmcu.o(i.DBGMCU_Config), (32 bytes).
    Removing stm32f10x_dbgmcu.o(i.DBGMCU_GetDEVID), (16 bytes).
    Removing stm32f10x_dbgmcu.o(i.DBGMCU_GetREVID), (12 bytes).
    Removing stm32f10x_rcc.o(i.RCC_ADCCLKConfig), (24 bytes).
    Removing stm32f10x_rcc.o(i.RCC_AHBPeriphClockCmd), (32 bytes).
    Removing stm32f10x_rcc.o(i.RCC_APB1PeriphClockCmd), (32 bytes).
    Removing stm32f10x_rcc.o(i.RCC_APB1PeriphResetCmd), (32 bytes).
    Removing stm32f10x_rcc.o(i.RCC_APB2PeriphResetCmd), (32 bytes).
    Removing stm32f10x_rcc.o(i.RCC_AdjustHSICalibrationValue), (24 bytes).
    Removing stm32f10x_rcc.o(i.RCC_BackupResetCmd), (12 bytes).
    Removing stm32f10x_rcc.o(i.RCC_ClearFlag), (20 bytes).
    Removing stm32f10x_rcc.o(i.RCC_ClearITPendingBit), (12 bytes).
    Removing stm32f10x_rcc.o(i.RCC_ClockSecuritySystemCmd), (12 bytes).
    Removing stm32f10x_rcc.o(i.RCC_DeInit), (76 bytes).
    Removing stm32f10x_rcc.o(i.RCC_GetClocksFreq), (212 bytes).
    Removing stm32f10x_rcc.o(i.RCC_GetFlagStatus), (60 bytes).
    Removing stm32f10x_rcc.o(i.RCC_GetITStatus), (24 bytes).
    Removing stm32f10x_rcc.o(i.RCC_GetSYSCLKSource), (16 bytes).
    Removing stm32f10x_rcc.o(i.RCC_HCLKConfig), (24 bytes).
    Removing stm32f10x_rcc.o(i.RCC_HSEConfig), (76 bytes).
    Removing stm32f10x_rcc.o(i.RCC_HSICmd), (12 bytes).
    Removing stm32f10x_rcc.o(i.RCC_ITConfig), (32 bytes).
    Removing stm32f10x_rcc.o(i.RCC_LSEConfig), (52 bytes).
    Removing stm32f10x_rcc.o(i.RCC_LSICmd), (12 bytes).
    Removing stm32f10x_rcc.o(i.RCC_MCOConfig), (12 bytes).
    Removing stm32f10x_rcc.o(i.RCC_PCLK1Config), (24 bytes).
    Removing stm32f10x_rcc.o(i.RCC_PCLK2Config), (24 bytes).
    Removing stm32f10x_rcc.o(i.RCC_PLLCmd), (12 bytes).
    Removing stm32f10x_rcc.o(i.RCC_PLLConfig), (28 bytes).
    Removing stm32f10x_rcc.o(i.RCC_RTCCLKCmd), (12 bytes).
    Removing stm32f10x_rcc.o(i.RCC_RTCCLKConfig), (16 bytes).
    Removing stm32f10x_rcc.o(i.RCC_SYSCLKConfig), (24 bytes).
    Removing stm32f10x_rcc.o(i.RCC_USBCLKConfig), (12 bytes).
    Removing stm32f10x_rcc.o(i.RCC_WaitForHSEStartUp), (56 bytes).
    Removing stm32f10x_rcc.o(.data), (20 bytes).
    Removing stm32f10x_usart.o(i.USART_ClearFlag), (18 bytes).
    Removing stm32f10x_usart.o(i.USART_ClearITPendingBit), (30 bytes).
    Removing stm32f10x_usart.o(i.USART_ClockInit), (34 bytes).
    Removing stm32f10x_usart.o(i.USART_ClockStructInit), (12 bytes).
    Removing stm32f10x_usart.o(i.USART_Cmd), (24 bytes).
    Removing stm32f10x_usart.o(i.USART_DMACmd), (18 bytes).
    Removing stm32f10x_usart.o(i.USART_DeInit), (156 bytes).
    Removing stm32f10x_usart.o(i.USART_GetFlagStatus), (26 bytes).
    Removing stm32f10x_usart.o(i.USART_HalfDuplexCmd), (24 bytes).
    Removing stm32f10x_usart.o(i.USART_ITConfig), (74 bytes).
    Removing stm32f10x_usart.o(i.USART_Init), (216 bytes).
    Removing stm32f10x_usart.o(i.USART_IrDACmd), (24 bytes).
    Removing stm32f10x_usart.o(i.USART_IrDAConfig), (18 bytes).
    Removing stm32f10x_usart.o(i.USART_LINBreakDetectLengthConfig), (18 bytes).
    Removing stm32f10x_usart.o(i.USART_LINCmd), (24 bytes).
    Removing stm32f10x_usart.o(i.USART_OneBitMethodCmd), (24 bytes).
    Removing stm32f10x_usart.o(i.USART_OverSampling8Cmd), (22 bytes).
    Removing stm32f10x_usart.o(i.USART_ReceiverWakeUpCmd), (24 bytes).
    Removing stm32f10x_usart.o(i.USART_SendBreak), (10 bytes).
    Removing stm32f10x_usart.o(i.USART_SendData), (8 bytes).
    Removing stm32f10x_usart.o(i.USART_SetAddress), (18 bytes).
    Removing stm32f10x_usart.o(i.USART_SetGuardTime), (16 bytes).
    Removing stm32f10x_usart.o(i.USART_SetPrescaler), (16 bytes).
    Removing stm32f10x_usart.o(i.USART_SmartCardCmd), (24 bytes).
    Removing stm32f10x_usart.o(i.USART_SmartCardNACKCmd), (24 bytes).
    Removing stm32f10x_usart.o(i.USART_StructInit), (24 bytes).
    Removing stm32f10x_usart.o(i.USART_WakeUpConfig), (18 bytes).
    Removing cpuport.o(i.rt_hw_cpu_shutdown), (28 bytes).
    Removing cpuport.o(i.rt_hw_exception_install), (12 bytes).
    Removing clock.o(i.rt_system_tick_init), (2 bytes).
    Removing clock.o(i.rt_tick_from_millisecond), (30 bytes).
    Removing clock.o(i.rt_tick_set), (28 bytes).
    Removing idle.o(i.rt_thread_idle_gethandler), (8 bytes).
    Removing ipc.o(i.rt_ipc_list_resume), (20 bytes).
    Removing ipc.o(i.rt_ipc_list_resume_all), (50 bytes).
    Removing ipc.o(i.rt_ipc_list_suspend), (108 bytes).
    Removing ipc.o(i.rt_ipc_object_init), (16 bytes).
    Removing ipc.o(i.rt_list_init), (6 bytes).
    Removing ipc.o(i.rt_list_insert_before), (14 bytes).
    Removing ipc.o(i.rt_list_isempty), (16 bytes).
    Removing ipc.o(i.rt_mb_control), (66 bytes).
    Removing ipc.o(i.rt_mb_detach), (30 bytes).
    Removing ipc.o(i.rt_mb_init), (62 bytes).
    Removing ipc.o(i.rt_mb_recv), (244 bytes).
    Removing ipc.o(i.rt_mb_send), (18 bytes).
    Removing ipc.o(i.rt_mb_send_wait), (246 bytes).
    Removing ipc.o(i.rt_sem_control), (54 bytes).
    Removing ipc.o(i.rt_sem_detach), (22 bytes).
    Removing ipc.o(i.rt_sem_init), (38 bytes).
    Removing ipc.o(i.rt_sem_release), (58 bytes).
    Removing ipc.o(i.rt_sem_take), (116 bytes).
    Removing ipc.o(i.rt_sem_trytake), (14 bytes).
    Removing irq.o(i.rt_interrupt_get_nest), (12 bytes).
    Removing kservice.o(i._rt_errno), (36 bytes).
    Removing kservice.o(i.rt_get_errno), (36 bytes).
    Removing kservice.o(i.rt_kputs), (18 bytes).
    Removing kservice.o(i.rt_memcmp), (38 bytes).
    Removing kservice.o(i.rt_memcpy), (124 bytes).
    Removing kservice.o(i.rt_memmove), (66 bytes).
    Removing kservice.o(i.rt_set_errno), (40 bytes).
    Removing kservice.o(i.rt_snprintf), (38 bytes).
    Removing kservice.o(i.rt_sprintf), (34 bytes).
    Removing kservice.o(i.rt_strcasecmp), (48 bytes).
    Removing kservice.o(i.rt_strcmp), (28 bytes).
    Removing kservice.o(i.rt_strncmp), (40 bytes).
    Removing kservice.o(i.rt_strnlen), (24 bytes).
    Removing kservice.o(i.rt_strstr), (58 bytes).
    Removing kservice.o(i.rt_vsprintf), (22 bytes).
    Removing kservice.o(.data), (4 bytes).
    Removing object.o(i.rt_object_find), (86 bytes).
    Removing object.o(i.rt_system_object_init), (2 bytes).
    Removing scheduler.o(i.rt_critical_level), (12 bytes).
    Removing thread.o(i.rt_thread_control), (106 bytes).
    Removing thread.o(i.rt_thread_detach), (76 bytes).
    Removing thread.o(i.rt_thread_find), (82 bytes).
    Removing timer.o(i.rt_timer_list_next_timeout), (28 bytes).
    Removing timer.o(i.rt_timer_next_timeout_tick), (16 bytes).

144 unused section(s) (total 5726 bytes) removed from the image.

==============================================================================

Image Symbol Table

    Local Symbols

    Symbol Name                              Value     Ov Type        Size  Object(Section)

    ../clib/angel/boardlib.s                 0x00000000   Number         0  boardshut.o ABSOLUTE
    ../clib/angel/boardlib.s                 0x00000000   Number         0  boardinit1.o ABSOLUTE
    ../clib/angel/boardlib.s                 0x00000000   Number         0  boardinit2.o ABSOLUTE
    ../clib/angel/boardlib.s                 0x00000000   Number         0  boardinit3.o ABSOLUTE
    ../clib/angel/handlers.s                 0x00000000   Number         0  __scatter_copy.o ABSOLUTE
    ../clib/angel/handlers.s                 0x00000000   Number         0  __scatter_zi.o ABSOLUTE
    ../clib/angel/kernel.s                   0x00000000   Number         0  rtexit.o ABSOLUTE
    ../clib/angel/kernel.s                   0x00000000   Number         0  __rtentry.o ABSOLUTE
    ../clib/angel/kernel.s                   0x00000000   Number         0  __rtentry2.o ABSOLUTE
    ../clib/angel/kernel.s                   0x00000000   Number         0  __rtentry4.o ABSOLUTE
    ../clib/angel/kernel.s                   0x00000000   Number         0  rtexit2.o ABSOLUTE
    ../clib/angel/rt.s                       0x00000000   Number         0  rt_raise.o ABSOLUTE
    ../clib/angel/scatter.s                  0x00000000   Number         0  __scatter.o ABSOLUTE
    ../clib/angel/startup.s                  0x00000000   Number         0  __main.o ABSOLUTE
    ../clib/angel/sys.s                      0x00000000   Number         0  libspace.o ABSOLUTE
    ../clib/angel/sys.s                      0x00000000   Number         0  use_no_semi_2.o ABSOLUTE
    ../clib/angel/sys.s                      0x00000000   Number         0  indicate_semi.o ABSOLUTE
    ../clib/angel/sys.s                      0x00000000   Number         0  use_no_semi.o ABSOLUTE
    ../clib/angel/sys.s                      0x00000000   Number         0  sys_stackheap_outer.o ABSOLUTE
    ../clib/angel/sysapp.c                   0x00000000   Number         0  sys_command.o ABSOLUTE
    ../clib/angel/sysapp.c                   0x00000000   Number         0  sys_wrch.o ABSOLUTE
    ../clib/armsys.c                         0x00000000   Number         0  _get_argv_nomalloc.o ABSOLUTE
    ../clib/armsys.c                         0x00000000   Number         0  no_argv.o ABSOLUTE
    ../clib/armsys.c                         0x00000000   Number         0  argv_veneer.o ABSOLUTE
    ../clib/armsys.c                         0x00000000   Number         0  argv_veneer.o ABSOLUTE
    ../clib/heapalloc.c                      0x00000000   Number         0  hrguard.o ABSOLUTE
    ../clib/heapaux.c                        0x00000000   Number         0  heapauxi.o ABSOLUTE
    ../clib/libinit.s                        0x00000000   Number         0  libshutdown.o ABSOLUTE
    ../clib/libinit.s                        0x00000000   Number         0  libinit.o ABSOLUTE
    ../clib/libinit.s                        0x00000000   Number         0  libshutdown2.o ABSOLUTE
    ../clib/libinit.s                        0x00000000   Number         0  libinit2.o ABSOLUTE
    ../clib/signal.c                         0x00000000   Number         0  __raise.o ABSOLUTE
    ../clib/signal.c                         0x00000000   Number         0  defsig_rtmem_outer.o ABSOLUTE
    ../clib/signal.c                         0x00000000   Number         0  defsig_other.o ABSOLUTE
    ../clib/signal.c                         0x00000000   Number         0  defsig_segv_inner.o ABSOLUTE
    ../clib/signal.c                         0x00000000   Number         0  defsig_cppl_inner.o ABSOLUTE
    ../clib/signal.c                         0x00000000   Number         0  defsig_pvfn_inner.o ABSOLUTE
    ../clib/signal.c                         0x00000000   Number         0  defsig_stak_inner.o ABSOLUTE
    ../clib/signal.c                         0x00000000   Number         0  defsig_rtred_inner.o ABSOLUTE
    ../clib/signal.c                         0x00000000   Number         0  defsig_fpe_inner.o ABSOLUTE
    ../clib/signal.c                         0x00000000   Number         0  defsig_abrt_inner.o ABSOLUTE
    ../clib/signal.c                         0x00000000   Number         0  defsig_general.o ABSOLUTE
    ../clib/signal.c                         0x00000000   Number         0  defsig_rtmem_inner.o ABSOLUTE
    ../clib/signal.c                         0x00000000   Number         0  defsig_exit.o ABSOLUTE
    ../clib/signal.c                         0x00000000   Number         0  defsig_rtmem_formal.o ABSOLUTE
    ../clib/signal.s                         0x00000000   Number         0  defsig.o ABSOLUTE
    ../clib/stdlib.c                         0x00000000   Number         0  exit.o ABSOLUTE
    ../fplib/fpinit.s                        0x00000000   Number         0  fpinit.o ABSOLUTE
    ..\CORE\core_cm3.c                       0x00000000   Number         0  core_cm3.o ABSOLUTE
    ..\CORE\startup_stm32f10x_hd.s           0x00000000   Number         0  startup_stm32f10x_hd.o ABSOLUTE
    ..\HARDWARE\LED\led.c                    0x00000000   Number         0  led.o ABSOLUTE
    ..\STM32F10x_FWLib\src\misc.c            0x00000000   Number         0  misc.o ABSOLUTE
    ..\STM32F10x_FWLib\src\stm32f10x_dbgmcu.c 0x00000000   Number         0  stm32f10x_dbgmcu.o ABSOLUTE
    ..\STM32F10x_FWLib\src\stm32f10x_gpio.c  0x00000000   Number         0  stm32f10x_gpio.o ABSOLUTE
    ..\STM32F10x_FWLib\src\stm32f10x_rcc.c   0x00000000   Number         0  stm32f10x_rcc.o ABSOLUTE
    ..\STM32F10x_FWLib\src\stm32f10x_usart.c 0x00000000   Number         0  stm32f10x_usart.o ABSOLUTE
    ..\SYSTEM\delay\delay.c                  0x00000000   Number         0  delay.o ABSOLUTE
    ..\SYSTEM\sys\sys.c                      0x00000000   Number         0  sys.o ABSOLUTE
    ..\SYSTEM\usart\usart.c                  0x00000000   Number         0  usart.o ABSOLUTE
    ..\\CORE\\core_cm3.c                     0x00000000   Number         0  core_cm3.o ABSOLUTE
    ..\\SYSTEM\\sys\\sys.c                   0x00000000   Number         0  sys.o ABSOLUTE
    C:\Keil_v5\ARM\PACK\rt-thread\rtthread\3.0.3\libcpu\arm\cortex-m3\context_rvds.S 0x00000000   Number         0  context_rvds.o ABSOLUTE
    C:\Keil_v5\ARM\PACK\rt-thread\rtthread\3.0.3\libcpu\arm\cortex-m3\cpuport.c 0x00000000   Number         0  cpuport.o ABSOLUTE
    C:\Keil_v5\ARM\PACK\rt-thread\rtthread\3.0.3\src\clock.c 0x00000000   Number         0  clock.o ABSOLUTE
    C:\Keil_v5\ARM\PACK\rt-thread\rtthread\3.0.3\src\components.c 0x00000000   Number         0  components.o ABSOLUTE
    C:\Keil_v5\ARM\PACK\rt-thread\rtthread\3.0.3\src\device.c 0x00000000   Number         0  device.o ABSOLUTE
    C:\Keil_v5\ARM\PACK\rt-thread\rtthread\3.0.3\src\idle.c 0x00000000   Number         0  idle.o ABSOLUTE
    C:\Keil_v5\ARM\PACK\rt-thread\rtthread\3.0.3\src\ipc.c 0x00000000   Number         0  ipc.o ABSOLUTE
    C:\Keil_v5\ARM\PACK\rt-thread\rtthread\3.0.3\src\irq.c 0x00000000   Number         0  irq.o ABSOLUTE
    C:\Keil_v5\ARM\PACK\rt-thread\rtthread\3.0.3\src\kservice.c 0x00000000   Number         0  kservice.o ABSOLUTE
    C:\Keil_v5\ARM\PACK\rt-thread\rtthread\3.0.3\src\mem.c 0x00000000   Number         0  mem.o ABSOLUTE
    C:\Keil_v5\ARM\PACK\rt-thread\rtthread\3.0.3\src\object.c 0x00000000   Number         0  object.o ABSOLUTE
    C:\Keil_v5\ARM\PACK\rt-thread\rtthread\3.0.3\src\scheduler.c 0x00000000   Number         0  scheduler.o ABSOLUTE
    C:\Keil_v5\ARM\PACK\rt-thread\rtthread\3.0.3\src\thread.c 0x00000000   Number         0  thread.o ABSOLUTE
    C:\Keil_v5\ARM\PACK\rt-thread\rtthread\3.0.3\src\timer.c 0x00000000   Number         0  timer.o ABSOLUTE
    RTE\RTOS\board.c                         0x00000000   Number         0  board.o ABSOLUTE
    dc.s                                     0x00000000   Number         0  dc.o ABSOLUTE
    main.c                                   0x00000000   Number         0  main.o ABSOLUTE
    stm32f10x_it.c                           0x00000000   Number         0  stm32f10x_it.o ABSOLUTE
    system_stm32f10x.c                       0x00000000   Number         0  system_stm32f10x.o ABSOLUTE
    RESET                                    0x08000000   Section      304  startup_stm32f10x_hd.o(RESET)
    !!!main                                  0x08000130   Section        8  __main.o(!!!main)
    !!!scatter                               0x08000138   Section       52  __scatter.o(!!!scatter)
    !!handler_copy                           0x0800016c   Section       26  __scatter_copy.o(!!handler_copy)
    !!handler_zi                             0x08000188   Section       28  __scatter_zi.o(!!handler_zi)
    .ARM.Collect$$libinit$$00000000          0x080001a4   Section        2  libinit.o(.ARM.Collect$$libinit$$00000000)
    .ARM.Collect$$libinit$$00000002          0x080001a6   Section        0  libinit2.o(.ARM.Collect$$libinit$$00000002)
    .ARM.Collect$$libinit$$00000004          0x080001a6   Section        0  libinit2.o(.ARM.Collect$$libinit$$00000004)
    .ARM.Collect$$libinit$$0000000A          0x080001a6   Section        0  libinit2.o(.ARM.Collect$$libinit$$0000000A)
    .ARM.Collect$$libinit$$0000000C          0x080001a6   Section        0  libinit2.o(.ARM.Collect$$libinit$$0000000C)
    .ARM.Collect$$libinit$$0000000E          0x080001a6   Section        0  libinit2.o(.ARM.Collect$$libinit$$0000000E)
    .ARM.Collect$$libinit$$00000011          0x080001a6   Section        0  libinit2.o(.ARM.Collect$$libinit$$00000011)
    .ARM.Collect$$libinit$$00000013          0x080001a6   Section        0  libinit2.o(.ARM.Collect$$libinit$$00000013)
    .ARM.Collect$$libinit$$00000015          0x080001a6   Section        0  libinit2.o(.ARM.Collect$$libinit$$00000015)
    .ARM.Collect$$libinit$$00000017          0x080001a6   Section        0  libinit2.o(.ARM.Collect$$libinit$$00000017)
    .ARM.Collect$$libinit$$00000019          0x080001a6   Section        0  libinit2.o(.ARM.Collect$$libinit$$00000019)
    .ARM.Collect$$libinit$$0000001B          0x080001a6   Section        0  libinit2.o(.ARM.Collect$$libinit$$0000001B)
    .ARM.Collect$$libinit$$0000001D          0x080001a6   Section        0  libinit2.o(.ARM.Collect$$libinit$$0000001D)
    .ARM.Collect$$libinit$$0000001F          0x080001a6   Section        0  libinit2.o(.ARM.Collect$$libinit$$0000001F)
    .ARM.Collect$$libinit$$00000021          0x080001a6   Section        0  libinit2.o(.ARM.Collect$$libinit$$00000021)
    .ARM.Collect$$libinit$$00000023          0x080001a6   Section        0  libinit2.o(.ARM.Collect$$libinit$$00000023)
    .ARM.Collect$$libinit$$00000025          0x080001a6   Section        0  libinit2.o(.ARM.Collect$$libinit$$00000025)
    .ARM.Collect$$libinit$$0000002C          0x080001a6   Section        0  libinit2.o(.ARM.Collect$$libinit$$0000002C)
    .ARM.Collect$$libinit$$0000002E          0x080001a6   Section        0  libinit2.o(.ARM.Collect$$libinit$$0000002E)
    .ARM.Collect$$libinit$$00000030          0x080001a6   Section        0  libinit2.o(.ARM.Collect$$libinit$$00000030)
    .ARM.Collect$$libinit$$00000032          0x080001a6   Section        0  libinit2.o(.ARM.Collect$$libinit$$00000032)
    .ARM.Collect$$libinit$$00000033          0x080001a6   Section        2  libinit2.o(.ARM.Collect$$libinit$$00000033)
    .ARM.Collect$$libshutdown$$00000000      0x080001a8   Section        2  libshutdown.o(.ARM.Collect$$libshutdown$$00000000)
    .ARM.Collect$$libshutdown$$00000003      0x080001aa   Section        0  libshutdown2.o(.ARM.Collect$$libshutdown$$00000003)
    .ARM.Collect$$libshutdown$$00000006      0x080001aa   Section        0  libshutdown2.o(.ARM.Collect$$libshutdown$$00000006)
    .ARM.Collect$$libshutdown$$00000009      0x080001aa   Section        0  libshutdown2.o(.ARM.Collect$$libshutdown$$00000009)
    .ARM.Collect$$libshutdown$$0000000B      0x080001aa   Section        0  libshutdown2.o(.ARM.Collect$$libshutdown$$0000000B)
    .ARM.Collect$$libshutdown$$0000000E      0x080001aa   Section        0  libshutdown2.o(.ARM.Collect$$libshutdown$$0000000E)
    .ARM.Collect$$libshutdown$$0000000F      0x080001aa   Section        2  libshutdown2.o(.ARM.Collect$$libshutdown$$0000000F)
    .ARM.Collect$$rtentry$$00000000          0x080001ac   Section        0  __rtentry.o(.ARM.Collect$$rtentry$$00000000)
    .ARM.Collect$$rtentry$$00000002          0x080001ac   Section        0  __rtentry2.o(.ARM.Collect$$rtentry$$00000002)
    .ARM.Collect$$rtentry$$00000004          0x080001ac   Section        6  __rtentry4.o(.ARM.Collect$$rtentry$$00000004)
    .ARM.Collect$$rtentry$$00000009          0x080001b2   Section        0  __rtentry2.o(.ARM.Collect$$rtentry$$00000009)
    .ARM.Collect$$rtentry$$0000000A          0x080001b2   Section        4  __rtentry2.o(.ARM.Collect$$rtentry$$0000000A)
    .ARM.Collect$$rtentry$$0000000C          0x080001b6   Section        0  __rtentry2.o(.ARM.Collect$$rtentry$$0000000C)
    .ARM.Collect$$rtentry$$0000000D          0x080001b6   Section        8  __rtentry2.o(.ARM.Collect$$rtentry$$0000000D)
    .ARM.Collect$$rtexit$$00000000           0x080001be   Section        2  rtexit.o(.ARM.Collect$$rtexit$$00000000)
    .ARM.Collect$$rtexit$$00000002           0x080001c0   Section        0  rtexit2.o(.ARM.Collect$$rtexit$$00000002)
    .ARM.Collect$$rtexit$$00000003           0x080001c0   Section        4  rtexit2.o(.ARM.Collect$$rtexit$$00000003)
    .ARM.Collect$$rtexit$$00000004           0x080001c4   Section        6  rtexit2.o(.ARM.Collect$$rtexit$$00000004)
    .text                                    0x080001cc   Section       60  startup_stm32f10x_hd.o(.text)
    .text                                    0x08000208   Section      240  context_rvds.o(.text)
    .text                                    0x080002f8   Section        2  use_no_semi_2.o(.text)
    .text                                    0x080002fa   Section        0  heapauxi.o(.text)
    .text                                    0x08000300   Section        2  use_no_semi.o(.text)
    .text                                    0x08000302   Section       74  sys_stackheap_outer.o(.text)
    .text                                    0x0800034c   Section        0  exit.o(.text)
    .text                                    0x08000358   Section        8  libspace.o(.text)
    i.$Sub$$main                             0x08000360   Section        0  components.o(i.$Sub$$main)
    i.BusFault_Handler                       0x0800036e   Section        0  stm32f10x_it.o(i.BusFault_Handler)
    i.DebugMon_Handler                       0x08000372   Section        0  stm32f10x_it.o(i.DebugMon_Handler)
    i.GPIO_Init                              0x08000374   Section        0  stm32f10x_gpio.o(i.GPIO_Init)
    i.GPIO_SetBits                           0x0800048a   Section        0  stm32f10x_gpio.o(i.GPIO_SetBits)
    i.LED_Init                               0x08000490   Section        0  led.o(i.LED_Init)
    i.MemManage_Handler                      0x080004dc   Section        0  stm32f10x_it.o(i.MemManage_Handler)
    i.NMI_Handler                            0x080004e0   Section        0  stm32f10x_it.o(i.NMI_Handler)
    i.RCC_APB2PeriphClockCmd                 0x080004e4   Section        0  stm32f10x_rcc.o(i.RCC_APB2PeriphClockCmd)
    i.SVC_Handler                            0x08000504   Section        0  stm32f10x_it.o(i.SVC_Handler)
    i.SetSysClock                            0x08000506   Section        0  system_stm32f10x.o(i.SetSysClock)
    SetSysClock                              0x08000507   Thumb Code     8  system_stm32f10x.o(i.SetSysClock)
    i.SetSysClockTo72                        0x08000510   Section        0  system_stm32f10x.o(i.SetSysClockTo72)
    SetSysClockTo72                          0x08000511   Thumb Code   214  system_stm32f10x.o(i.SetSysClockTo72)
    i.SysTick_Handler                        0x080005f0   Section        0  board.o(i.SysTick_Handler)
    i.SystemCoreClockUpdate                  0x08000600   Section        0  system_stm32f10x.o(i.SystemCoreClockUpdate)
    i.SystemInit                             0x080006a4   Section        0  system_stm32f10x.o(i.SystemInit)
    i.USART1_IRQHandler                      0x08000704   Section        0  usart.o(i.USART1_IRQHandler)
    i.USART_GetITStatus                      0x0800078c   Section        0  stm32f10x_usart.o(i.USART_GetITStatus)
    i.USART_ReceiveData                      0x080007e0   Section        0  stm32f10x_usart.o(i.USART_ReceiveData)
    i.UsageFault_Handler                     0x080007ea   Section        0  stm32f10x_it.o(i.UsageFault_Handler)
    i._SysTick_Config                        0x080007f0   Section        0  board.o(i._SysTick_Config)
    _SysTick_Config                          0x080007f1   Thumb Code    44  board.o(i._SysTick_Config)
    i.__rt_ffs                               0x08000820   Section        0  kservice.o(i.__rt_ffs)
    i._has_defunct_thread                    0x0800086c   Section        0  idle.o(i._has_defunct_thread)
    _has_defunct_thread                      0x0800086d   Thumb Code    16  idle.o(i._has_defunct_thread)
    i._rt_thread_init                        0x08000880   Section        0  thread.o(i._rt_thread_init)
    _rt_thread_init                          0x08000881   Thumb Code   124  thread.o(i._rt_thread_init)
    i._rt_timer_init                         0x08000904   Section        0  timer.o(i._rt_timer_init)
    _rt_timer_init                           0x08000905   Thumb Code    66  timer.o(i._rt_timer_init)
    i._rt_timer_remove                       0x08000946   Section        0  timer.o(i._rt_timer_remove)
    _rt_timer_remove                         0x08000947   Thumb Code    46  timer.o(i._rt_timer_remove)
    i._sys_exit                              0x08000974   Section        0  usart.o(i._sys_exit)
    i.led0_thread_entry                      0x0800097c   Section        0  main.o(i.led0_thread_entry)
    led0_thread_entry                        0x0800097d   Thumb Code    30  main.o(i.led0_thread_entry)
    i.led1_thread_entry                      0x080009a4   Section        0  main.o(i.led1_thread_entry)
    led1_thread_entry                        0x080009a5   Thumb Code    30  main.o(i.led1_thread_entry)
    i.main                                   0x080009cc   Section        0  main.o(i.main)
    i.main_thread_entry                      0x08000a48   Section        0  components.o(i.main_thread_entry)
    i.print_number                           0x08000a58   Section        0  kservice.o(i.print_number)
    print_number                             0x08000a59   Thumb Code   388  kservice.o(i.print_number)
    i.rt_application_init                    0x08000be4   Section        0  components.o(i.rt_application_init)
    i.rt_components_board_init               0x08000c24   Section        0  components.o(i.rt_components_board_init)
    i.rt_components_init                     0x08000c40   Section        0  components.o(i.rt_components_init)
    i.rt_enter_critical                      0x08000c5c   Section        0  scheduler.o(i.rt_enter_critical)
    i.rt_exit_critical                       0x08000c7c   Section        0  scheduler.o(i.rt_exit_critical)
    i.rt_hw_board_init                       0x08000cb8   Section        0  board.o(i.rt_hw_board_init)
    i.rt_hw_console_output                   0x08000cd8   Section        0  kservice.o(i.rt_hw_console_output)
    i.rt_hw_hard_fault_exception             0x08000cdc   Section        0  cpuport.o(i.rt_hw_hard_fault_exception)
    i.rt_hw_stack_init                       0x08000edc   Section        0  cpuport.o(i.rt_hw_stack_init)
    i.rt_interrupt_enter                     0x08000f28   Section        0  irq.o(i.rt_interrupt_enter)
    i.rt_interrupt_leave                     0x08000f48   Section        0  irq.o(i.rt_interrupt_leave)
    i.rt_kprintf                             0x08000f68   Section        0  kservice.o(i.rt_kprintf)
    i.rt_list_init                           0x08000f98   Section        0  scheduler.o(i.rt_list_init)
    rt_list_init                             0x08000f99   Thumb Code     6  scheduler.o(i.rt_list_init)
    i.rt_list_init                           0x08000f9e   Section        0  timer.o(i.rt_list_init)
    rt_list_init                             0x08000f9f   Thumb Code     6  timer.o(i.rt_list_init)
    i.rt_list_insert_after                   0x08000fa4   Section        0  thread.o(i.rt_list_insert_after)
    rt_list_insert_after                     0x08000fa5   Thumb Code    14  thread.o(i.rt_list_insert_after)
    i.rt_list_insert_after                   0x08000fb2   Section        0  timer.o(i.rt_list_insert_after)
    rt_list_insert_after                     0x08000fb3   Thumb Code    14  timer.o(i.rt_list_insert_after)
    i.rt_list_isempty                        0x08000fc0   Section        0  timer.o(i.rt_list_isempty)
    rt_list_isempty                          0x08000fc1   Thumb Code    16  timer.o(i.rt_list_isempty)
    i.rt_list_remove                         0x08000fd0   Section        0  thread.o(i.rt_list_remove)
    rt_list_remove                           0x08000fd1   Thumb Code    18  thread.o(i.rt_list_remove)
    i.rt_memset                              0x08000fe2   Section        0  kservice.o(i.rt_memset)
    i.rt_object_detach                       0x0800102a   Section        0  object.o(i.rt_object_detach)
    i.rt_object_get_information              0x08001054   Section        0  object.o(i.rt_object_get_information)
    i.rt_object_init                         0x0800107c   Section        0  object.o(i.rt_object_init)
    i.rt_object_is_systemobject              0x080010c2   Section        0  object.o(i.rt_object_is_systemobject)
    i.rt_schedule                            0x080010d4   Section        0  scheduler.o(i.rt_schedule)
    i.rt_schedule_insert_thread              0x08001164   Section        0  scheduler.o(i.rt_schedule_insert_thread)
    i.rt_schedule_remove_thread              0x080011b4   Section        0  scheduler.o(i.rt_schedule_remove_thread)
    i.rt_show_version                        0x08001208   Section        0  kservice.o(i.rt_show_version)
    i.rt_strlen                              0x080012b8   Section        0  kservice.o(i.rt_strlen)
    i.rt_strncpy                             0x080012ca   Section        0  kservice.o(i.rt_strncpy)
    i.rt_system_scheduler_init               0x08001300   Section        0  scheduler.o(i.rt_system_scheduler_init)
    i.rt_system_scheduler_start              0x0800134c   Section        0  scheduler.o(i.rt_system_scheduler_start)
    i.rt_system_timer_init                   0x0800137c   Section        0  timer.o(i.rt_system_timer_init)
    i.rt_system_timer_thread_init            0x08001398   Section        0  timer.o(i.rt_system_timer_thread_init)
    i.rt_thread_delay                        0x0800139a   Section        0  thread.o(i.rt_thread_delay)
    i.rt_thread_exit                         0x080013a8   Section        0  thread.o(i.rt_thread_exit)
    i.rt_thread_idle_entry                   0x080013fc   Section        0  idle.o(i.rt_thread_idle_entry)
    rt_thread_idle_entry                     0x080013fd   Thumb Code     8  idle.o(i.rt_thread_idle_entry)
    i.rt_thread_idle_excute                  0x08001404   Section        0  idle.o(i.rt_thread_idle_excute)
    i.rt_thread_idle_init                    0x0800147c   Section        0  idle.o(i.rt_thread_idle_init)
    i.rt_thread_init                         0x080014b8   Section        0  thread.o(i.rt_thread_init)
    i.rt_thread_resume                       0x080014ec   Section        0  thread.o(i.rt_thread_resume)
    i.rt_thread_self                         0x08001528   Section        0  thread.o(i.rt_thread_self)
    i.rt_thread_sleep                        0x08001534   Section        0  thread.o(i.rt_thread_sleep)
    i.rt_thread_startup                      0x08001578   Section        0  thread.o(i.rt_thread_startup)
    i.rt_thread_suspend                      0x080015a4   Section        0  thread.o(i.rt_thread_suspend)
    i.rt_thread_timeout                      0x080015e8   Section        0  thread.o(i.rt_thread_timeout)
    i.rt_thread_yield                        0x08001608   Section        0  thread.o(i.rt_thread_yield)
    i.rt_tick_get                            0x0800166c   Section        0  clock.o(i.rt_tick_get)
    i.rt_tick_increase                       0x08001678   Section        0  clock.o(i.rt_tick_increase)
    i.rt_timer_check                         0x080016a8   Section        0  timer.o(i.rt_timer_check)
    i.rt_timer_control                       0x08001724   Section        0  timer.o(i.rt_timer_control)
    i.rt_timer_detach                        0x0800175c   Section        0  timer.o(i.rt_timer_detach)
    i.rt_timer_init                          0x0800177c   Section        0  timer.o(i.rt_timer_init)
    i.rt_timer_start                         0x080017ac   Section        0  timer.o(i.rt_timer_start)
    i.rt_timer_stop                          0x080018a4   Section        0  timer.o(i.rt_timer_stop)
    i.rt_vsnprintf                           0x080018d4   Section        0  kservice.o(i.rt_vsnprintf)
    i.rti_board_end                          0x08001bfc   Section        0  components.o(i.rti_board_end)
    rti_board_end                            0x08001bfd   Thumb Code     4  components.o(i.rti_board_end)
    i.rti_board_start                        0x08001c00   Section        0  components.o(i.rti_board_start)
    rti_board_start                          0x08001c01   Thumb Code     4  components.o(i.rti_board_start)
    i.rti_end                                0x08001c04   Section        0  components.o(i.rti_end)
    rti_end                                  0x08001c05   Thumb Code     4  components.o(i.rti_end)
    i.rti_start                              0x08001c08   Section        0  components.o(i.rti_start)
    rti_start                                0x08001c09   Thumb Code     4  components.o(i.rti_start)
    i.rtthread_startup                       0x08001c0c   Section        0  components.o(i.rtthread_startup)
    i.skip_atoi                              0x08001c36   Section        0  kservice.o(i.skip_atoi)
    skip_atoi                                0x08001c37   Thumb Code    38  kservice.o(i.skip_atoi)
    .constdata                               0x08001c5c   Section      290  kservice.o(.constdata)
    small_digits                             0x08001d5c   Data          17  kservice.o(.constdata)
    large_digits                             0x08001d6d   Data          17  kservice.o(.constdata)
    .rti_fn.0                                0x08001d80   Section        4  components.o(.rti_fn.0)
    __tagsym$$used                           0x08001d80   Number         0  components.o(.rti_fn.0)
    .rti_fn.0.end                            0x08001d84   Section        4  components.o(.rti_fn.0.end)
    __tagsym$$used                           0x08001d84   Number         0  components.o(.rti_fn.0.end)
    .rti_fn.1.end                            0x08001d88   Section        4  components.o(.rti_fn.1.end)
    __tagsym$$used                           0x08001d88   Number         0  components.o(.rti_fn.1.end)
    .rti_fn.6.end                            0x08001d8c   Section        4  components.o(.rti_fn.6.end)
    __tagsym$$used                           0x08001d8c   Number         0  components.o(.rti_fn.6.end)
    .data                                    0x20000000   Section       20  system_stm32f10x.o(.data)
    .data                                    0x20000014   Section        6  usart.o(.data)
    .data                                    0x2000001c   Section       16  cpuport.o(.data)
    rt_exception_hook                        0x20000028   Data           4  cpuport.o(.data)
    .data                                    0x2000002c   Section        4  clock.o(.data)
    rt_tick                                  0x2000002c   Data           4  clock.o(.data)
    .data                                    0x20000030   Section        1  irq.o(.data)
    .data                                    0x20000034   Section       64  object.o(.data)
    rt_object_container                      0x20000034   Data          64  object.o(.data)
    .data                                    0x20000074   Section       24  scheduler.o(.data)
    rt_scheduler_lock_nest                   0x20000074   Data           2  scheduler.o(.data)
    .data                                    0x2000008c   Section       12  timer.o(.data)
    rt_timer_list                            0x2000008c   Data           8  timer.o(.data)
    random_nr                                0x20000094   Data           4  timer.o(.data)
    .bss                                     0x20000098   Section     2288  main.o(.bss)
    led0_thread                              0x20000098   Data         120  main.o(.bss)
    led1_thread                              0x20000110   Data         120  main.o(.bss)
    rt_led0_thread_stack                     0x20000188   Data        1024  main.o(.bss)
    rt_led1_thread_stack                     0x20000588   Data        1024  main.o(.bss)
    .bss                                     0x20000988   Section      200  usart.o(.bss)
    .bss                                     0x20000a50   Section      376  components.o(.bss)
    main_stack                               0x20000a50   Data         256  components.o(.bss)
    .bss                                     0x20000bc8   Section      248  idle.o(.bss)
    idle                                     0x20000bc8   Data         120  idle.o(.bss)
    rt_thread_stack                          0x20000c40   Data         128  idle.o(.bss)
    .bss                                     0x20000cc0   Section      128  kservice.o(.bss)
    rt_log_buf                               0x20000cc0   Data         128  kservice.o(.bss)
    .bss                                     0x20000d40   Section       64  scheduler.o(.bss)
    .bss                                     0x20000d80   Section       96  libspace.o(.bss)
    HEAP                                     0x20000de0   Section        0  startup_stm32f10x_hd.o(HEAP)
    STACK                                    0x20000de0   Section     1024  startup_stm32f10x_hd.o(STACK)
    Heap_Mem                                 0x20000de0   Data           0  startup_stm32f10x_hd.o(HEAP)
    Stack_Mem                                0x20000de0   Data        1024  startup_stm32f10x_hd.o(STACK)
    __initial_sp                             0x200011e0   Data           0  startup_stm32f10x_hd.o(STACK)

    Global Symbols

    Symbol Name                              Value     Ov Type        Size  Object(Section)

    BuildAttributes$$THM_ISAv4$P$D$K$B$S$PE$A:L22UL41UL21$X:L11$S22US41US21$IEEE1$IW$USESV6$~STKCKD$USESV7$~SHL$OSPACE$ROPI$EBA8$UX$STANDARDLIB$REQ8$PRES8$EABIv2 0x00000000   Number         0  anon$$obj.o ABSOLUTE
    __ARM_use_no_argv                        0x00000000   Number         0  main.o ABSOLUTE
    __ARM_exceptions_init                     - Undefined Weak Reference
    __alloca_initialize                       - Undefined Weak Reference
    __arm_preinit_                            - Undefined Weak Reference
    __cpp_initialize__aeabi_                  - Undefined Weak Reference
    __cxa_finalize                            - Undefined Weak Reference
    __rt_locale                               - Undefined Weak Reference
    __sigvec_lookup                           - Undefined Weak Reference
    _atexit_init                              - Undefined Weak Reference
    _call_atexit_fns                          - Undefined Weak Reference
    _clock_init                               - Undefined Weak Reference
    _fp_trap_init                             - Undefined Weak Reference
    _fp_trap_shutdown                         - Undefined Weak Reference
    _get_lc_collate                           - Undefined Weak Reference
    _get_lc_ctype                             - Undefined Weak Reference
    _get_lc_monetary                          - Undefined Weak Reference
    _get_lc_numeric                           - Undefined Weak Reference
    _get_lc_time                              - Undefined Weak Reference
    _getenv_init                              - Undefined Weak Reference
    _handle_redirection                       - Undefined Weak Reference
    _init_alloc                               - Undefined Weak Reference
    _init_user_alloc                          - Undefined Weak Reference
    _initio                                   - Undefined Weak Reference
    _rand_init                                - Undefined Weak Reference
    _signal_finish                            - Undefined Weak Reference
    _signal_init                              - Undefined Weak Reference
    _terminate_alloc                          - Undefined Weak Reference
    _terminate_user_alloc                     - Undefined Weak Reference
    _terminateio                              - Undefined Weak Reference
    __Vectors_Size                           0x00000130   Number         0  startup_stm32f10x_hd.o ABSOLUTE
    __Vectors                                0x08000000   Data           4  startup_stm32f10x_hd.o(RESET)
    __Vectors_End                            0x08000130   Data           0  startup_stm32f10x_hd.o(RESET)
    __main                                   0x08000131   Thumb Code     8  __main.o(!!!main)
    __scatterload                            0x08000139   Thumb Code     0  __scatter.o(!!!scatter)
    __scatterload_rt2                        0x08000139   Thumb Code    44  __scatter.o(!!!scatter)
    __scatterload_rt2_thumb_only             0x08000139   Thumb Code     0  __scatter.o(!!!scatter)
    __scatterload_null                       0x08000147   Thumb Code     0  __scatter.o(!!!scatter)
    __scatterload_copy                       0x0800016d   Thumb Code    26  __scatter_copy.o(!!handler_copy)
    __scatterload_zeroinit                   0x08000189   Thumb Code    28  __scatter_zi.o(!!handler_zi)
    __rt_lib_init                            0x080001a5   Thumb Code     0  libinit.o(.ARM.Collect$$libinit$$00000000)
    __rt_lib_init_alloca_1                   0x080001a7   Thumb Code     0  libinit2.o(.ARM.Collect$$libinit$$0000002E)
    __rt_lib_init_argv_1                     0x080001a7   Thumb Code     0  libinit2.o(.ARM.Collect$$libinit$$0000002C)
    __rt_lib_init_atexit_1                   0x080001a7   Thumb Code     0  libinit2.o(.ARM.Collect$$libinit$$0000001B)
    __rt_lib_init_clock_1                    0x080001a7   Thumb Code     0  libinit2.o(.ARM.Collect$$libinit$$00000021)
    __rt_lib_init_cpp_1                      0x080001a7   Thumb Code     0  libinit2.o(.ARM.Collect$$libinit$$00000032)
    __rt_lib_init_exceptions_1               0x080001a7   Thumb Code     0  libinit2.o(.ARM.Collect$$libinit$$00000030)
    __rt_lib_init_fp_1                       0x080001a7   Thumb Code     0  libinit2.o(.ARM.Collect$$libinit$$00000002)
    __rt_lib_init_fp_trap_1                  0x080001a7   Thumb Code     0  libinit2.o(.ARM.Collect$$libinit$$0000001F)
    __rt_lib_init_getenv_1                   0x080001a7   Thumb Code     0  libinit2.o(.ARM.Collect$$libinit$$00000023)
    __rt_lib_init_heap_1                     0x080001a7   Thumb Code     0  libinit2.o(.ARM.Collect$$libinit$$0000000A)
    __rt_lib_init_lc_collate_1               0x080001a7   Thumb Code     0  libinit2.o(.ARM.Collect$$libinit$$00000011)
    __rt_lib_init_lc_ctype_1                 0x080001a7   Thumb Code     0  libinit2.o(.ARM.Collect$$libinit$$00000013)
    __rt_lib_init_lc_monetary_1              0x080001a7   Thumb Code     0  libinit2.o(.ARM.Collect$$libinit$$00000015)
    __rt_lib_init_lc_numeric_1               0x080001a7   Thumb Code     0  libinit2.o(.ARM.Collect$$libinit$$00000017)
    __rt_lib_init_lc_time_1                  0x080001a7   Thumb Code     0  libinit2.o(.ARM.Collect$$libinit$$00000019)
    __rt_lib_init_preinit_1                  0x080001a7   Thumb Code     0  libinit2.o(.ARM.Collect$$libinit$$00000004)
    __rt_lib_init_rand_1                     0x080001a7   Thumb Code     0  libinit2.o(.ARM.Collect$$libinit$$0000000E)
    __rt_lib_init_return                     0x080001a7   Thumb Code     0  libinit2.o(.ARM.Collect$$libinit$$00000033)
    __rt_lib_init_signal_1                   0x080001a7   Thumb Code     0  libinit2.o(.ARM.Collect$$libinit$$0000001D)
    __rt_lib_init_stdio_1                    0x080001a7   Thumb Code     0  libinit2.o(.ARM.Collect$$libinit$$00000025)
    __rt_lib_init_user_alloc_1               0x080001a7   Thumb Code     0  libinit2.o(.ARM.Collect$$libinit$$0000000C)
    __rt_lib_shutdown                        0x080001a9   Thumb Code     0  libshutdown.o(.ARM.Collect$$libshutdown$$00000000)
    __rt_lib_shutdown_fp_trap_1              0x080001ab   Thumb Code     0  libshutdown2.o(.ARM.Collect$$libshutdown$$00000006)
    __rt_lib_shutdown_heap_1                 0x080001ab   Thumb Code     0  libshutdown2.o(.ARM.Collect$$libshutdown$$0000000E)
    __rt_lib_shutdown_return                 0x080001ab   Thumb Code     0  libshutdown2.o(.ARM.Collect$$libshutdown$$0000000F)
    __rt_lib_shutdown_signal_1               0x080001ab   Thumb Code     0  libshutdown2.o(.ARM.Collect$$libshutdown$$00000009)
    __rt_lib_shutdown_stdio_1                0x080001ab   Thumb Code     0  libshutdown2.o(.ARM.Collect$$libshutdown$$00000003)
    __rt_lib_shutdown_user_alloc_1           0x080001ab   Thumb Code     0  libshutdown2.o(.ARM.Collect$$libshutdown$$0000000B)
    __rt_entry                               0x080001ad   Thumb Code     0  __rtentry.o(.ARM.Collect$$rtentry$$00000000)
    __rt_entry_presh_1                       0x080001ad   Thumb Code     0  __rtentry2.o(.ARM.Collect$$rtentry$$00000002)
    __rt_entry_sh                            0x080001ad   Thumb Code     0  __rtentry4.o(.ARM.Collect$$rtentry$$00000004)
    __rt_entry_li                            0x080001b3   Thumb Code     0  __rtentry2.o(.ARM.Collect$$rtentry$$0000000A)
    __rt_entry_postsh_1                      0x080001b3   Thumb Code     0  __rtentry2.o(.ARM.Collect$$rtentry$$00000009)
    __rt_entry_main                          0x080001b7   Thumb Code     0  __rtentry2.o(.ARM.Collect$$rtentry$$0000000D)
    __rt_entry_postli_1                      0x080001b7   Thumb Code     0  __rtentry2.o(.ARM.Collect$$rtentry$$0000000C)
    __rt_exit                                0x080001bf   Thumb Code     0  rtexit.o(.ARM.Collect$$rtexit$$00000000)
    __rt_exit_ls                             0x080001c1   Thumb Code     0  rtexit2.o(.ARM.Collect$$rtexit$$00000003)
    __rt_exit_prels_1                        0x080001c1   Thumb Code     0  rtexit2.o(.ARM.Collect$$rtexit$$00000002)
    __rt_exit_exit                           0x080001c5   Thumb Code     0  rtexit2.o(.ARM.Collect$$rtexit$$00000004)
    Reset_Handler                            0x080001cd   Thumb Code     8  startup_stm32f10x_hd.o(.text)
    ADC1_2_IRQHandler                        0x080001e7   Thumb Code     0  startup_stm32f10x_hd.o(.text)
    ADC3_IRQHandler                          0x080001e7   Thumb Code     0  startup_stm32f10x_hd.o(.text)
    CAN1_RX1_IRQHandler                      0x080001e7   Thumb Code     0  startup_stm32f10x_hd.o(.text)
    CAN1_SCE_IRQHandler                      0x080001e7   Thumb Code     0  startup_stm32f10x_hd.o(.text)
    DMA1_Channel1_IRQHandler                 0x080001e7   Thumb Code     0  startup_stm32f10x_hd.o(.text)
    DMA1_Channel2_IRQHandler                 0x080001e7   Thumb Code     0  startup_stm32f10x_hd.o(.text)
    DMA1_Channel3_IRQHandler                 0x080001e7   Thumb Code     0  startup_stm32f10x_hd.o(.text)
    DMA1_Channel4_IRQHandler                 0x080001e7   Thumb Code     0  startup_stm32f10x_hd.o(.text)
    DMA1_Channel5_IRQHandler                 0x080001e7   Thumb Code     0  startup_stm32f10x_hd.o(.text)
    DMA1_Channel6_IRQHandler                 0x080001e7   Thumb Code     0  startup_stm32f10x_hd.o(.text)
    DMA1_Channel7_IRQHandler                 0x080001e7   Thumb Code     0  startup_stm32f10x_hd.o(.text)
    DMA2_Channel1_IRQHandler                 0x080001e7   Thumb Code     0  startup_stm32f10x_hd.o(.text)
    DMA2_Channel2_IRQHandler                 0x080001e7   Thumb Code     0  startup_stm32f10x_hd.o(.text)
    DMA2_Channel3_IRQHandler                 0x080001e7   Thumb Code     0  startup_stm32f10x_hd.o(.text)
    DMA2_Channel4_5_IRQHandler               0x080001e7   Thumb Code     0  startup_stm32f10x_hd.o(.text)
    EXTI0_IRQHandler                         0x080001e7   Thumb Code     0  startup_stm32f10x_hd.o(.text)
    EXTI15_10_IRQHandler                     0x080001e7   Thumb Code     0  startup_stm32f10x_hd.o(.text)
    EXTI1_IRQHandler                         0x080001e7   Thumb Code     0  startup_stm32f10x_hd.o(.text)
    EXTI2_IRQHandler                         0x080001e7   Thumb Code     0  startup_stm32f10x_hd.o(.text)
    EXTI3_IRQHandler                         0x080001e7   Thumb Code     0  startup_stm32f10x_hd.o(.text)
    EXTI4_IRQHandler                         0x080001e7   Thumb Code     0  startup_stm32f10x_hd.o(.text)
    EXTI9_5_IRQHandler                       0x080001e7   Thumb Code     0  startup_stm32f10x_hd.o(.text)
    FLASH_IRQHandler                         0x080001e7   Thumb Code     0  startup_stm32f10x_hd.o(.text)
    FSMC_IRQHandler                          0x080001e7   Thumb Code     0  startup_stm32f10x_hd.o(.text)
    I2C1_ER_IRQHandler                       0x080001e7   Thumb Code     0  startup_stm32f10x_hd.o(.text)
    I2C1_EV_IRQHandler                       0x080001e7   Thumb Code     0  startup_stm32f10x_hd.o(.text)
    I2C2_ER_IRQHandler                       0x080001e7   Thumb Code     0  startup_stm32f10x_hd.o(.text)
    I2C2_EV_IRQHandler                       0x080001e7   Thumb Code     0  startup_stm32f10x_hd.o(.text)
    PVD_IRQHandler                           0x080001e7   Thumb Code     0  startup_stm32f10x_hd.o(.text)
    RCC_IRQHandler                           0x080001e7   Thumb Code     0  startup_stm32f10x_hd.o(.text)
    RTCAlarm_IRQHandler                      0x080001e7   Thumb Code     0  startup_stm32f10x_hd.o(.text)
    RTC_IRQHandler                           0x080001e7   Thumb Code     0  startup_stm32f10x_hd.o(.text)
    SDIO_IRQHandler                          0x080001e7   Thumb Code     0  startup_stm32f10x_hd.o(.text)
    SPI1_IRQHandler                          0x080001e7   Thumb Code     0  startup_stm32f10x_hd.o(.text)
    SPI2_IRQHandler                          0x080001e7   Thumb Code     0  startup_stm32f10x_hd.o(.text)
    SPI3_IRQHandler                          0x080001e7   Thumb Code     0  startup_stm32f10x_hd.o(.text)
    TAMPER_IRQHandler                        0x080001e7   Thumb Code     0  startup_stm32f10x_hd.o(.text)
    TIM1_BRK_IRQHandler                      0x080001e7   Thumb Code     0  startup_stm32f10x_hd.o(.text)
    TIM1_CC_IRQHandler                       0x080001e7   Thumb Code     0  startup_stm32f10x_hd.o(.text)
    TIM1_TRG_COM_IRQHandler                  0x080001e7   Thumb Code     0  startup_stm32f10x_hd.o(.text)
    TIM1_UP_IRQHandler                       0x080001e7   Thumb Code     0  startup_stm32f10x_hd.o(.text)
    TIM2_IRQHandler                          0x080001e7   Thumb Code     0  startup_stm32f10x_hd.o(.text)
    TIM3_IRQHandler                          0x080001e7   Thumb Code     0  startup_stm32f10x_hd.o(.text)
    TIM4_IRQHandler                          0x080001e7   Thumb Code     0  startup_stm32f10x_hd.o(.text)
    TIM5_IRQHandler                          0x080001e7   Thumb Code     0  startup_stm32f10x_hd.o(.text)
    TIM6_IRQHandler                          0x080001e7   Thumb Code     0  startup_stm32f10x_hd.o(.text)
    TIM7_IRQHandler                          0x080001e7   Thumb Code     0  startup_stm32f10x_hd.o(.text)
    TIM8_BRK_IRQHandler                      0x080001e7   Thumb Code     0  startup_stm32f10x_hd.o(.text)
    TIM8_CC_IRQHandler                       0x080001e7   Thumb Code     0  startup_stm32f10x_hd.o(.text)
    TIM8_TRG_COM_IRQHandler                  0x080001e7   Thumb Code     0  startup_stm32f10x_hd.o(.text)
    TIM8_UP_IRQHandler                       0x080001e7   Thumb Code     0  startup_stm32f10x_hd.o(.text)
    UART4_IRQHandler                         0x080001e7   Thumb Code     0  startup_stm32f10x_hd.o(.text)
    UART5_IRQHandler                         0x080001e7   Thumb Code     0  startup_stm32f10x_hd.o(.text)
    USART2_IRQHandler                        0x080001e7   Thumb Code     0  startup_stm32f10x_hd.o(.text)
    USART3_IRQHandler                        0x080001e7   Thumb Code     0  startup_stm32f10x_hd.o(.text)
    USBWakeUp_IRQHandler                     0x080001e7   Thumb Code     0  startup_stm32f10x_hd.o(.text)
    USB_HP_CAN1_TX_IRQHandler                0x080001e7   Thumb Code     0  startup_stm32f10x_hd.o(.text)
    USB_LP_CAN1_RX0_IRQHandler               0x080001e7   Thumb Code     0  startup_stm32f10x_hd.o(.text)
    WWDG_IRQHandler                          0x080001e7   Thumb Code     0  startup_stm32f10x_hd.o(.text)
    __user_initial_stackheap                 0x080001e9   Thumb Code     0  startup_stm32f10x_hd.o(.text)
    rt_hw_interrupt_disable                  0x08000209   Thumb Code     8  context_rvds.o(.text)
    rt_hw_interrupt_enable                   0x08000211   Thumb Code     6  context_rvds.o(.text)
    rt_hw_context_switch                     0x08000217   Thumb Code    32  context_rvds.o(.text)
    rt_hw_context_switch_interrupt           0x08000217   Thumb Code     0  context_rvds.o(.text)
    PendSV_Handler                           0x08000237   Thumb Code    60  context_rvds.o(.text)
    rt_hw_context_switch_to                  0x08000273   Thumb Code    58  context_rvds.o(.text)
    rt_hw_interrupt_thread_switch            0x080002ad   Thumb Code     2  context_rvds.o(.text)
    HardFault_Handler                        0x080002af   Thumb Code    48  context_rvds.o(.text)
    __use_no_semihosting                     0x080002f9   Thumb Code     2  use_no_semi_2.o(.text)
    __use_two_region_memory                  0x080002fb   Thumb Code     2  heapauxi.o(.text)
    __rt_heap_escrow$2region                 0x080002fd   Thumb Code     2  heapauxi.o(.text)
    __rt_heap_expand$2region                 0x080002ff   Thumb Code     2  heapauxi.o(.text)
    __I$use$semihosting                      0x08000301   Thumb Code     0  use_no_semi.o(.text)
    __use_no_semihosting_swi                 0x08000301   Thumb Code     2  use_no_semi.o(.text)
    __user_setup_stackheap                   0x08000303   Thumb Code    74  sys_stackheap_outer.o(.text)
    exit                                     0x0800034d   Thumb Code    12  exit.o(.text)
    __user_libspace                          0x08000359   Thumb Code     8  libspace.o(.text)
    __user_perproc_libspace                  0x08000359   Thumb Code     0  libspace.o(.text)
    __user_perthread_libspace                0x08000359   Thumb Code     0  libspace.o(.text)
    main                                     0x08000361   Thumb Code    14  components.o(i.$Sub$$main)
    BusFault_Handler                         0x0800036f   Thumb Code     4  stm32f10x_it.o(i.BusFault_Handler)
    DebugMon_Handler                         0x08000373   Thumb Code     2  stm32f10x_it.o(i.DebugMon_Handler)
    GPIO_Init                                0x08000375   Thumb Code   278  stm32f10x_gpio.o(i.GPIO_Init)
    GPIO_SetBits                             0x0800048b   Thumb Code     4  stm32f10x_gpio.o(i.GPIO_SetBits)
    LED_Init                                 0x08000491   Thumb Code    68  led.o(i.LED_Init)
    MemManage_Handler                        0x080004dd   Thumb Code     4  stm32f10x_it.o(i.MemManage_Handler)
    NMI_Handler                              0x080004e1   Thumb Code     2  stm32f10x_it.o(i.NMI_Handler)
    RCC_APB2PeriphClockCmd                   0x080004e5   Thumb Code    26  stm32f10x_rcc.o(i.RCC_APB2PeriphClockCmd)
    SVC_Handler                              0x08000505   Thumb Code     2  stm32f10x_it.o(i.SVC_Handler)
    SysTick_Handler                          0x080005f1   Thumb Code    16  board.o(i.SysTick_Handler)
    SystemCoreClockUpdate                    0x08000601   Thumb Code   142  system_stm32f10x.o(i.SystemCoreClockUpdate)
    SystemInit                               0x080006a5   Thumb Code    78  system_stm32f10x.o(i.SystemInit)
    USART1_IRQHandler                        0x08000705   Thumb Code   122  usart.o(i.USART1_IRQHandler)
    USART_GetITStatus                        0x0800078d   Thumb Code    84  stm32f10x_usart.o(i.USART_GetITStatus)
    USART_ReceiveData                        0x080007e1   Thumb Code    10  stm32f10x_usart.o(i.USART_ReceiveData)
    UsageFault_Handler                       0x080007eb   Thumb Code     4  stm32f10x_it.o(i.UsageFault_Handler)
    __rt_ffs                                 0x08000821   Thumb Code    70  kservice.o(i.__rt_ffs)
    _sys_exit                                0x08000975   Thumb Code     6  usart.o(i._sys_exit)
    $Super$$main                             0x080009cd   Thumb Code    82  main.o(i.main)
    main_thread_entry                        0x08000a49   Thumb Code    14  components.o(i.main_thread_entry)
    rt_application_init                      0x08000be5   Thumb Code    42  components.o(i.rt_application_init)
    rt_components_board_init                 0x08000c25   Thumb Code    20  components.o(i.rt_components_board_init)
    rt_components_init                       0x08000c41   Thumb Code    20  components.o(i.rt_components_init)
    rt_enter_critical                        0x08000c5d   Thumb Code    28  scheduler.o(i.rt_enter_critical)
    rt_exit_critical                         0x08000c7d   Thumb Code    54  scheduler.o(i.rt_exit_critical)
    rt_hw_board_init                         0x08000cb9   Thumb Code    28  board.o(i.rt_hw_board_init)
    rt_hw_console_output                     0x08000cd9   Thumb Code     2  kservice.o(i.rt_hw_console_output)
    rt_hw_hard_fault_exception               0x08000cdd   Thumb Code   190  cpuport.o(i.rt_hw_hard_fault_exception)
    rt_hw_stack_init                         0x08000edd   Thumb Code    70  cpuport.o(i.rt_hw_stack_init)
    rt_interrupt_enter                       0x08000f29   Thumb Code    26  irq.o(i.rt_interrupt_enter)
    rt_interrupt_leave                       0x08000f49   Thumb Code    26  irq.o(i.rt_interrupt_leave)
    rt_kprintf                               0x08000f69   Thumb Code    44  kservice.o(i.rt_kprintf)
    rt_memset                                0x08000fe3   Thumb Code    72  kservice.o(i.rt_memset)
    rt_object_detach                         0x0800102b   Thumb Code    40  object.o(i.rt_object_detach)
    rt_object_get_information                0x08001055   Thumb Code    36  object.o(i.rt_object_get_information)
    rt_object_init                           0x0800107d   Thumb Code    70  object.o(i.rt_object_init)
    rt_object_is_systemobject                0x080010c3   Thumb Code    18  object.o(i.rt_object_is_systemobject)
    rt_schedule                              0x080010d5   Thumb Code   118  scheduler.o(i.rt_schedule)
    rt_schedule_insert_thread                0x08001165   Thumb Code    72  scheduler.o(i.rt_schedule_insert_thread)
    rt_schedule_remove_thread                0x080011b5   Thumb Code    76  scheduler.o(i.rt_schedule_remove_thread)
    rt_show_version                          0x08001209   Thumb Code    38  kservice.o(i.rt_show_version)
    rt_strlen                                0x080012b9   Thumb Code    18  kservice.o(i.rt_strlen)
    rt_strncpy                               0x080012cb   Thumb Code    52  kservice.o(i.rt_strncpy)
    rt_system_scheduler_init                 0x08001301   Thumb Code    52  scheduler.o(i.rt_system_scheduler_init)
    rt_system_scheduler_start                0x0800134d   Thumb Code    36  scheduler.o(i.rt_system_scheduler_start)
    rt_system_timer_init                     0x0800137d   Thumb Code    24  timer.o(i.rt_system_timer_init)
    rt_system_timer_thread_init              0x08001399   Thumb Code     2  timer.o(i.rt_system_timer_thread_init)
    rt_thread_delay                          0x0800139b   Thumb Code    12  thread.o(i.rt_thread_delay)
    rt_thread_exit                           0x080013a9   Thumb Code    76  thread.o(i.rt_thread_exit)
    rt_thread_idle_excute                    0x08001405   Thumb Code   116  idle.o(i.rt_thread_idle_excute)
    rt_thread_idle_init                      0x0800147d   Thumb Code    38  idle.o(i.rt_thread_idle_init)
    rt_thread_init                           0x080014b9   Thumb Code    52  thread.o(i.rt_thread_init)
    rt_thread_resume                         0x080014ed   Thumb Code    60  thread.o(i.rt_thread_resume)
    rt_thread_self                           0x08001529   Thumb Code     6  thread.o(i.rt_thread_self)
    rt_thread_sleep                          0x08001535   Thumb Code    62  thread.o(i.rt_thread_sleep)
    rt_thread_startup                        0x08001579   Thumb Code    44  thread.o(i.rt_thread_startup)
    rt_thread_suspend                        0x080015a5   Thumb Code    68  thread.o(i.rt_thread_suspend)
    rt_thread_timeout                        0x080015e9   Thumb Code    32  thread.o(i.rt_thread_timeout)
    rt_thread_yield                          0x08001609   Thumb Code    92  thread.o(i.rt_thread_yield)
    rt_tick_get                              0x0800166d   Thumb Code     6  clock.o(i.rt_tick_get)
    rt_tick_increase                         0x08001679   Thumb Code    42  clock.o(i.rt_tick_increase)
    rt_timer_check                           0x080016a9   Thumb Code   118  timer.o(i.rt_timer_check)
    rt_timer_control                         0x08001725   Thumb Code    56  timer.o(i.rt_timer_control)
    rt_timer_detach                          0x0800175d   Thumb Code    32  timer.o(i.rt_timer_detach)
    rt_timer_init                            0x0800177d   Thumb Code    46  timer.o(i.rt_timer_init)
    rt_timer_start                           0x080017ad   Thumb Code   238  timer.o(i.rt_timer_start)
    rt_timer_stop                            0x080018a5   Thumb Code    48  timer.o(i.rt_timer_stop)
    rt_vsnprintf                             0x080018d5   Thumb Code   800  kservice.o(i.rt_vsnprintf)
    rtthread_startup                         0x08001c0d   Thumb Code    42  components.o(i.rtthread_startup)
    __lowest_bit_bitmap                      0x08001c5c   Data         256  kservice.o(.constdata)
    __rt_init_rti_start                      0x08001d80   Data           4  components.o(.rti_fn.0)
    __rt_init_rti_board_start                0x08001d84   Data           4  components.o(.rti_fn.0.end)
    __rt_init_rti_board_end                  0x08001d88   Data           4  components.o(.rti_fn.1.end)
    __rt_init_rti_end                        0x08001d8c   Data           4  components.o(.rti_fn.6.end)
    Region$$Table$$Base                      0x08001d90   Number         0  anon$$obj.o(Region$$Table)
    Region$$Table$$Limit                     0x08001db0   Number         0  anon$$obj.o(Region$$Table)
    SystemCoreClock                          0x20000000   Data           4  system_stm32f10x.o(.data)
    AHBPrescTable                            0x20000004   Data          16  system_stm32f10x.o(.data)
    __stdout                                 0x20000014   Data           4  usart.o(.data)
    USART_RX_STA                             0x20000018   Data           2  usart.o(.data)
    rt_interrupt_from_thread                 0x2000001c   Data           4  cpuport.o(.data)
    rt_interrupt_to_thread                   0x20000020   Data           4  cpuport.o(.data)
    rt_thread_switch_interrupt_flag          0x20000024   Data           4  cpuport.o(.data)
    rt_interrupt_nest                        0x20000030   Data           1  irq.o(.data)
    rt_current_thread                        0x20000078   Data           4  scheduler.o(.data)
    rt_current_priority                      0x2000007c   Data           1  scheduler.o(.data)
    rt_thread_ready_priority_group           0x20000080   Data           4  scheduler.o(.data)
    rt_thread_defunct                        0x20000084   Data           8  scheduler.o(.data)
    USART_RX_BUF                             0x20000988   Data         200  usart.o(.bss)
    main_thread                              0x20000b50   Data         120  components.o(.bss)
    rt_thread_priority_table                 0x20000d40   Data          64  scheduler.o(.bss)
    __libspace_start                         0x20000d80   Data          96  libspace.o(.bss)
    __temporary_stack_top$libspace           0x20000de0   Data           0  libspace.o(.bss)



==============================================================================

Memory Map of the image

  Image Entry point : 0x080001cd

  Load Region LR_1 (Base: 0x08000000, Size: 0x00001e48, Max: 0xffffffff, ABSOLUTE)

    Execution Region ER_RO (Base: 0x08000000, Size: 0x00001db0, Max: 0xffffffff, ABSOLUTE)

    Base Addr    Size         Type   Attr      Idx    E Section Name        Object

    0x08000000   0x00000130   Data   RO          409    RESET               startup_stm32f10x_hd.o
    0x08000130   0x00000008   Code   RO         1817  * !!!main             c_w.l(__main.o)
    0x08000138   0x00000034   Code   RO         1971    !!!scatter          c_w.l(__scatter.o)
    0x0800016c   0x0000001a   Code   RO         1973    !!handler_copy      c_w.l(__scatter_copy.o)
    0x08000186   0x00000002   PAD
    0x08000188   0x0000001c   Code   RO         1975    !!handler_zi        c_w.l(__scatter_zi.o)
    0x080001a4   0x00000002   Code   RO         1846    .ARM.Collect$$libinit$$00000000  c_w.l(libinit.o)
    0x080001a6   0x00000000   Code   RO         1853    .ARM.Collect$$libinit$$00000002  c_w.l(libinit2.o)
    0x080001a6   0x00000000   Code   RO         1855    .ARM.Collect$$libinit$$00000004  c_w.l(libinit2.o)
    0x080001a6   0x00000000   Code   RO         1858    .ARM.Collect$$libinit$$0000000A  c_w.l(libinit2.o)
    0x080001a6   0x00000000   Code   RO         1860    .ARM.Collect$$libinit$$0000000C  c_w.l(libinit2.o)
    0x080001a6   0x00000000   Code   RO         1862    .ARM.Collect$$libinit$$0000000E  c_w.l(libinit2.o)
    0x080001a6   0x00000000   Code   RO         1865    .ARM.Collect$$libinit$$00000011  c_w.l(libinit2.o)
    0x080001a6   0x00000000   Code   RO         1867    .ARM.Collect$$libinit$$00000013  c_w.l(libinit2.o)
    0x080001a6   0x00000000   Code   RO         1869    .ARM.Collect$$libinit$$00000015  c_w.l(libinit2.o)
    0x080001a6   0x00000000   Code   RO         1871    .ARM.Collect$$libinit$$00000017  c_w.l(libinit2.o)
    0x080001a6   0x00000000   Code   RO         1873    .ARM.Collect$$libinit$$00000019  c_w.l(libinit2.o)
    0x080001a6   0x00000000   Code   RO         1875    .ARM.Collect$$libinit$$0000001B  c_w.l(libinit2.o)
    0x080001a6   0x00000000   Code   RO         1877    .ARM.Collect$$libinit$$0000001D  c_w.l(libinit2.o)
    0x080001a6   0x00000000   Code   RO         1879    .ARM.Collect$$libinit$$0000001F  c_w.l(libinit2.o)
    0x080001a6   0x00000000   Code   RO         1881    .ARM.Collect$$libinit$$00000021  c_w.l(libinit2.o)
    0x080001a6   0x00000000   Code   RO         1883    .ARM.Collect$$libinit$$00000023  c_w.l(libinit2.o)
    0x080001a6   0x00000000   Code   RO         1885    .ARM.Collect$$libinit$$00000025  c_w.l(libinit2.o)
    0x080001a6   0x00000000   Code   RO         1889    .ARM.Collect$$libinit$$0000002C  c_w.l(libinit2.o)
    0x080001a6   0x00000000   Code   RO         1891    .ARM.Collect$$libinit$$0000002E  c_w.l(libinit2.o)
    0x080001a6   0x00000000   Code   RO         1893    .ARM.Collect$$libinit$$00000030  c_w.l(libinit2.o)
    0x080001a6   0x00000000   Code   RO         1895    .ARM.Collect$$libinit$$00000032  c_w.l(libinit2.o)
    0x080001a6   0x00000002   Code   RO         1896    .ARM.Collect$$libinit$$00000033  c_w.l(libinit2.o)
    0x080001a8   0x00000002   Code   RO         1914    .ARM.Collect$$libshutdown$$00000000  c_w.l(libshutdown.o)
    0x080001aa   0x00000000   Code   RO         1925    .ARM.Collect$$libshutdown$$00000003  c_w.l(libshutdown2.o)
    0x080001aa   0x00000000   Code   RO         1928    .ARM.Collect$$libshutdown$$00000006  c_w.l(libshutdown2.o)
    0x080001aa   0x00000000   Code   RO         1931    .ARM.Collect$$libshutdown$$00000009  c_w.l(libshutdown2.o)
    0x080001aa   0x00000000   Code   RO         1933    .ARM.Collect$$libshutdown$$0000000B  c_w.l(libshutdown2.o)
    0x080001aa   0x00000000   Code   RO         1936    .ARM.Collect$$libshutdown$$0000000E  c_w.l(libshutdown2.o)
    0x080001aa   0x00000002   Code   RO         1937    .ARM.Collect$$libshutdown$$0000000F  c_w.l(libshutdown2.o)
    0x080001ac   0x00000000   Code   RO         1821    .ARM.Collect$$rtentry$$00000000  c_w.l(__rtentry.o)
    0x080001ac   0x00000000   Code   RO         1823    .ARM.Collect$$rtentry$$00000002  c_w.l(__rtentry2.o)
    0x080001ac   0x00000006   Code   RO         1835    .ARM.Collect$$rtentry$$00000004  c_w.l(__rtentry4.o)
    0x080001b2   0x00000000   Code   RO         1825    .ARM.Collect$$rtentry$$00000009  c_w.l(__rtentry2.o)
    0x080001b2   0x00000004   Code   RO         1826    .ARM.Collect$$rtentry$$0000000A  c_w.l(__rtentry2.o)
    0x080001b6   0x00000000   Code   RO         1828    .ARM.Collect$$rtentry$$0000000C  c_w.l(__rtentry2.o)
    0x080001b6   0x00000008   Code   RO         1829    .ARM.Collect$$rtentry$$0000000D  c_w.l(__rtentry2.o)
    0x080001be   0x00000002   Code   RO         1850    .ARM.Collect$$rtexit$$00000000  c_w.l(rtexit.o)
    0x080001c0   0x00000000   Code   RO         1898    .ARM.Collect$$rtexit$$00000002  c_w.l(rtexit2.o)
    0x080001c0   0x00000004   Code   RO         1899    .ARM.Collect$$rtexit$$00000003  c_w.l(rtexit2.o)
    0x080001c4   0x00000006   Code   RO         1900    .ARM.Collect$$rtexit$$00000004  c_w.l(rtexit2.o)
    0x080001ca   0x00000002   PAD
    0x080001cc   0x0000003c   Code   RO          410  * .text               startup_stm32f10x_hd.o
    0x08000208   0x000000f0   Code   RO          968    .text               context_rvds.o
    0x080002f8   0x00000002   Code   RO         1813    .text               c_w.l(use_no_semi_2.o)
    0x080002fa   0x00000006   Code   RO         1815    .text               c_w.l(heapauxi.o)
    0x08000300   0x00000002   Code   RO         1819    .text               c_w.l(use_no_semi.o)
    0x08000302   0x0000004a   Code   RO         1837    .text               c_w.l(sys_stackheap_outer.o)
    0x0800034c   0x0000000c   Code   RO         1839    .text               c_w.l(exit.o)
    0x08000358   0x00000008   Code   RO         1847    .text               c_w.l(libspace.o)
    0x08000360   0x0000000e   Code   RO         1052    i.$Sub$$main        components.o
    0x0800036e   0x00000004   Code   RO          184    i.BusFault_Handler  stm32f10x_it.o
    0x08000372   0x00000002   Code   RO          185    i.DebugMon_Handler  stm32f10x_it.o
    0x08000374   0x00000116   Code   RO          456    i.GPIO_Init         stm32f10x_gpio.o
    0x0800048a   0x00000004   Code   RO          464    i.GPIO_SetBits      stm32f10x_gpio.o
    0x0800048e   0x00000002   PAD
    0x08000490   0x0000004c   Code   RO          289    i.LED_Init          led.o
    0x080004dc   0x00000004   Code   RO          186    i.MemManage_Handler  stm32f10x_it.o
    0x080004e0   0x00000002   Code   RO          187    i.NMI_Handler       stm32f10x_it.o
    0x080004e2   0x00000002   PAD
    0x080004e4   0x00000020   Code   RO          592    i.RCC_APB2PeriphClockCmd  stm32f10x_rcc.o
    0x08000504   0x00000002   Code   RO          188    i.SVC_Handler       stm32f10x_it.o
    0x08000506   0x00000008   Code   RO          255    i.SetSysClock       system_stm32f10x.o
    0x0800050e   0x00000002   PAD
    0x08000510   0x000000e0   Code   RO          256    i.SetSysClockTo72   system_stm32f10x.o
    0x080005f0   0x00000010   Code   RO         1787    i.SysTick_Handler   board.o
    0x08000600   0x000000a4   Code   RO          257    i.SystemCoreClockUpdate  system_stm32f10x.o
    0x080006a4   0x00000060   Code   RO          258    i.SystemInit        system_stm32f10x.o
    0x08000704   0x00000088   Code   RO          356    i.USART1_IRQHandler  usart.o
    0x0800078c   0x00000054   Code   RO          796    i.USART_GetITStatus  stm32f10x_usart.o
    0x080007e0   0x0000000a   Code   RO          806    i.USART_ReceiveData  stm32f10x_usart.o
    0x080007ea   0x00000004   Code   RO          189    i.UsageFault_Handler  stm32f10x_it.o
    0x080007ee   0x00000002   PAD
    0x080007f0   0x00000030   Code   RO         1788    i._SysTick_Config   board.o
    0x08000820   0x0000004c   Code   RO         1310    i.__rt_ffs          kservice.o
    0x0800086c   0x00000014   Code   RO         1127    i._has_defunct_thread  idle.o
    0x08000880   0x00000084   Code   RO         1589    i._rt_thread_init   thread.o
    0x08000904   0x00000042   Code   RO         1692    i._rt_timer_init    timer.o
    0x08000946   0x0000002e   Code   RO         1693    i._rt_timer_remove  timer.o
    0x08000974   0x00000006   Code   RO          357    i._sys_exit         usart.o
    0x0800097a   0x00000002   PAD
    0x0800097c   0x00000028   Code   RO            1    i.led0_thread_entry  main.o
    0x080009a4   0x00000028   Code   RO            2    i.led1_thread_entry  main.o
    0x080009cc   0x0000007c   Code   RO            3    i.main              main.o
    0x08000a48   0x0000000e   Code   RO         1053    i.main_thread_entry  components.o
    0x08000a56   0x00000002   PAD
    0x08000a58   0x0000018c   Code   RO         1312    i.print_number      kservice.o
    0x08000be4   0x00000040   Code   RO         1054    i.rt_application_init  components.o
    0x08000c24   0x0000001c   Code   RO         1055    i.rt_components_board_init  components.o
    0x08000c40   0x0000001c   Code   RO         1056    i.rt_components_init  components.o
    0x08000c5c   0x00000020   Code   RO         1523    i.rt_enter_critical  scheduler.o
    0x08000c7c   0x0000003c   Code   RO         1524    i.rt_exit_critical  scheduler.o
    0x08000cb8   0x00000020   Code   RO         1789    i.rt_hw_board_init  board.o
    0x08000cd8   0x00000002   Code   RO         1314    i.rt_hw_console_output  kservice.o
    0x08000cda   0x00000002   PAD
    0x08000cdc   0x00000200   Code   RO          974    i.rt_hw_hard_fault_exception  cpuport.o
    0x08000edc   0x0000004c   Code   RO          975    i.rt_hw_stack_init  cpuport.o
    0x08000f28   0x00000020   Code   RO         1283    i.rt_interrupt_enter  irq.o
    0x08000f48   0x00000020   Code   RO         1285    i.rt_interrupt_leave  irq.o
    0x08000f68   0x00000030   Code   RO         1315    i.rt_kprintf        kservice.o
    0x08000f98   0x00000006   Code   RO         1525    i.rt_list_init      scheduler.o
    0x08000f9e   0x00000006   Code   RO         1694    i.rt_list_init      timer.o
    0x08000fa4   0x0000000e   Code   RO         1590    i.rt_list_insert_after  thread.o
    0x08000fb2   0x0000000e   Code   RO         1695    i.rt_list_insert_after  timer.o
    0x08000fc0   0x00000010   Code   RO         1696    i.rt_list_isempty   timer.o
    0x08000fd0   0x00000012   Code   RO         1591    i.rt_list_remove    thread.o
    0x08000fe2   0x00000048   Code   RO         1320    i.rt_memset         kservice.o
    0x0800102a   0x00000028   Code   RO         1475    i.rt_object_detach  object.o
    0x08001052   0x00000002   PAD
    0x08001054   0x00000028   Code   RO         1477    i.rt_object_get_information  object.o
    0x0800107c   0x00000046   Code   RO         1478    i.rt_object_init    object.o
    0x080010c2   0x00000012   Code   RO         1479    i.rt_object_is_systemobject  object.o
    0x080010d4   0x00000090   Code   RO         1526    i.rt_schedule       scheduler.o
    0x08001164   0x00000050   Code   RO         1527    i.rt_schedule_insert_thread  scheduler.o
    0x080011b4   0x00000054   Code   RO         1528    i.rt_schedule_remove_thread  scheduler.o
    0x08001208   0x000000b0   Code   RO         1322    i.rt_show_version   kservice.o
    0x080012b8   0x00000012   Code   RO         1327    i.rt_strlen         kservice.o
    0x080012ca   0x00000034   Code   RO         1329    i.rt_strncpy        kservice.o
    0x080012fe   0x00000002   PAD
    0x08001300   0x0000004c   Code   RO         1529    i.rt_system_scheduler_init  scheduler.o
    0x0800134c   0x00000030   Code   RO         1530    i.rt_system_scheduler_start  scheduler.o
    0x0800137c   0x0000001c   Code   RO         1697    i.rt_system_timer_init  timer.o
    0x08001398   0x00000002   Code   RO         1698    i.rt_system_timer_thread_init  timer.o
    0x0800139a   0x0000000c   Code   RO         1593    i.rt_thread_delay   thread.o
    0x080013a6   0x00000002   PAD
    0x080013a8   0x00000054   Code   RO         1595    i.rt_thread_exit    thread.o
    0x080013fc   0x00000008   Code   RO         1128    i.rt_thread_idle_entry  idle.o
    0x08001404   0x00000078   Code   RO         1129    i.rt_thread_idle_excute  idle.o
    0x0800147c   0x0000003c   Code   RO         1131    i.rt_thread_idle_init  idle.o
    0x080014b8   0x00000034   Code   RO         1597    i.rt_thread_init    thread.o
    0x080014ec   0x0000003c   Code   RO         1598    i.rt_thread_resume  thread.o
    0x08001528   0x0000000c   Code   RO         1599    i.rt_thread_self    thread.o
    0x08001534   0x00000044   Code   RO         1600    i.rt_thread_sleep   thread.o
    0x08001578   0x0000002c   Code   RO         1601    i.rt_thread_startup  thread.o
    0x080015a4   0x00000044   Code   RO         1602    i.rt_thread_suspend  thread.o
    0x080015e8   0x00000020   Code   RO         1603    i.rt_thread_timeout  thread.o
    0x08001608   0x00000064   Code   RO         1604    i.rt_thread_yield   thread.o
    0x0800166c   0x0000000c   Code   RO         1013    i.rt_tick_get       clock.o
    0x08001678   0x00000030   Code   RO         1014    i.rt_tick_increase  clock.o
    0x080016a8   0x0000007c   Code   RO         1699    i.rt_timer_check    timer.o
    0x08001724   0x00000038   Code   RO         1700    i.rt_timer_control  timer.o
    0x0800175c   0x00000020   Code   RO         1701    i.rt_timer_detach   timer.o
    0x0800177c   0x0000002e   Code   RO         1702    i.rt_timer_init     timer.o
    0x080017aa   0x00000002   PAD
    0x080017ac   0x000000f8   Code   RO         1705    i.rt_timer_start    timer.o
    0x080018a4   0x00000030   Code   RO         1706    i.rt_timer_stop     timer.o
    0x080018d4   0x00000328   Code   RO         1332    i.rt_vsnprintf      kservice.o
    0x08001bfc   0x00000004   Code   RO         1057    i.rti_board_end     components.o
    0x08001c00   0x00000004   Code   RO         1058    i.rti_board_start   components.o
    0x08001c04   0x00000004   Code   RO         1059    i.rti_end           components.o
    0x08001c08   0x00000004   Code   RO         1060    i.rti_start         components.o
    0x08001c0c   0x0000002a   Code   RO         1061    i.rtthread_startup  components.o
    0x08001c36   0x00000026   Code   RO         1334    i.skip_atoi         kservice.o
    0x08001c5c   0x00000122   Data   RO         1336    .constdata          kservice.o
    0x08001d7e   0x00000002   PAD
    0x08001d80   0x00000004   Data   RO         1063    .rti_fn.0           components.o
    0x08001d84   0x00000004   Data   RO         1064    .rti_fn.0.end       components.o
    0x08001d88   0x00000004   Data   RO         1065    .rti_fn.1.end       components.o
    0x08001d8c   0x00000004   Data   RO         1066    .rti_fn.6.end       components.o
    0x08001d90   0x00000020   Data   RO         1969    Region$$Table       anon$$obj.o


    Execution Region ER_RW (Base: 0x20000000, Size: 0x00000098, Max: 0xffffffff, ABSOLUTE)

    Base Addr    Size         Type   Attr      Idx    E Section Name        Object

    0x20000000   0x00000014   Data   RW          259    .data               system_stm32f10x.o
    0x20000014   0x00000006   Data   RW          361    .data               usart.o
    0x2000001a   0x00000002   PAD
    0x2000001c   0x00000010   Data   RW          976    .data               cpuport.o
    0x2000002c   0x00000004   Data   RW         1016    .data               clock.o
    0x20000030   0x00000001   Data   RW         1286    .data               irq.o
    0x20000031   0x00000003   PAD
    0x20000034   0x00000040   Data   RW         1481    .data               object.o
    0x20000074   0x00000018   Data   RW         1532    .data               scheduler.o
    0x2000008c   0x0000000c   Data   RW         1707    .data               timer.o


    Execution Region ER_ZI (Base: 0x20000098, Size: 0x00001148, Max: 0xffffffff, ABSOLUTE)

    Base Addr    Size         Type   Attr      Idx    E Section Name        Object

    0x20000098   0x000008f0   Zero   RW            4    .bss                main.o
    0x20000988   0x000000c8   Zero   RW          360    .bss                usart.o
    0x20000a50   0x00000178   Zero   RW         1062    .bss                components.o
    0x20000bc8   0x000000f8   Zero   RW         1132    .bss                idle.o
    0x20000cc0   0x00000080   Zero   RW         1335    .bss                kservice.o
    0x20000d40   0x00000040   Zero   RW         1531    .bss                scheduler.o
    0x20000d80   0x00000060   Zero   RW         1848    .bss                c_w.l(libspace.o)
    0x20000de0   0x00000000   Zero   RW          408    HEAP                startup_stm32f10x_hd.o
    0x20000de0   0x00000400   Zero   RW          407    STACK               startup_stm32f10x_hd.o


==============================================================================

Image component sizes


      Code (inc. data)   RO Data    RW Data    ZI Data      Debug   Object Name

        96          8          0          0          0       1281   board.o
        60         12          0          4          0       1121   clock.o
       206         38         16          0        376       5668   components.o
       240         26          0          0          0        804   context_rvds.o
       588        328          0         16          0       3126   cpuport.o
       208         30          0          0        248       4910   idle.o
        64         12          0          1          0       1526   irq.o
      1686        164        290          0        128       8947   kservice.o
        76          8          0          0          0        459   led.o
       204         62          0          0       2288     229203   main.o
       168          4          0         64          0       5516   object.o
       530         88          0         24         64       7774   scheduler.o
        60         22        304          0       1024        764   startup_stm32f10x_hd.o
       282          0          0          0          0       2359   stm32f10x_gpio.o
        18          0          0          0          0       2215   stm32f10x_it.o
        32          6          0          0          0        529   stm32f10x_rcc.o
        94          0          0          0          0       2584   stm32f10x_usart.o
         0          0          0          0          0         32   sys.o
       492         50          0         20          0       2433   system_stm32f10x.o
       696         36          0          0          0       9976   thread.o
       732         20          0         12          0      10224   timer.o
       142         14          0          6        200       2748   usart.o

    ----------------------------------------------------------------------
      6696        928        644        152       4328     304199   Object Totals
         0          0         32          0          0          0   (incl. Generated)
        22          0          2          5          0          0   (incl. Padding)

    ----------------------------------------------------------------------

      Code (inc. data)   RO Data    RW Data    ZI Data      Debug   Library Member Name

         8          0          0          0          0         68   __main.o
         0          0          0          0          0          0   __rtentry.o
        12          0          0          0          0          0   __rtentry2.o
         6          0          0          0          0          0   __rtentry4.o
        52          8          0          0          0          0   __scatter.o
        26          0          0          0          0          0   __scatter_copy.o
        28          0          0          0          0          0   __scatter_zi.o
        12          0          0          0          0         72   exit.o
         6          0          0          0          0        152   heapauxi.o
         2          0          0          0          0          0   libinit.o
         2          0          0          0          0          0   libinit2.o
         2          0          0          0          0          0   libshutdown.o
         2          0          0          0          0          0   libshutdown2.o
         8          4          0          0         96         68   libspace.o
         2          0          0          0          0          0   rtexit.o
        10          0          0          0          0          0   rtexit2.o
        74          0          0          0          0         80   sys_stackheap_outer.o
         2          0          0          0          0         68   use_no_semi.o
         2          0          0          0          0         68   use_no_semi_2.o

    ----------------------------------------------------------------------
       260         12          0          0         96        576   Library Totals
         4          0          0          0          0          0   (incl. Padding)

    ----------------------------------------------------------------------

      Code (inc. data)   RO Data    RW Data    ZI Data      Debug   Library Name

       256         12          0          0         96        576   c_w.l

    ----------------------------------------------------------------------
       260         12          0          0         96        576   Library Totals

    ----------------------------------------------------------------------

==============================================================================


      Code (inc. data)   RO Data    RW Data    ZI Data      Debug   

      6956        940        644        152       4424     300039   Grand Totals
      6956        940        644        152       4424     300039   ELF Image Totals
      6956        940        644        152          0          0   ROM Totals

==============================================================================

    Total RO  Size (Code + RO Data)                 7600 (   7.42kB)
    Total RW  Size (RW Data + ZI Data)              4576 (   4.47kB)
    Total ROM Size (Code + RO Data + RW Data)       7752 (   7.57kB)

==============================================================================

